******************************************************************************
            TI ARM Clang Linker PC v4.0.3                      
******************************************************************************
>> Linked Fri Aug  1 13:09:25 2025

OUTPUT FILE NAME:   <731ccs.out>
ENTRY POINT SYMBOL: "_c_int00_noargs"  address: 00002841


MEMORY CONFIGURATION

         name            origin    length      used     unused   attr    fill
----------------------  --------  ---------  --------  --------  ----  --------
  FLASH                 00000000   00020000  00002c38  0001d3c8  R  X
  SRAM                  20200000   00008000  000002e2  00007d1e  RW X
  BCR_CONFIG            41c00000   000000ff  00000000  000000ff  R   
  BSL_CONFIG            41c00100   00000080  00000000  00000080  R   


SEGMENT ALLOCATION MAP

run origin  load origin   length   init length attrs members
----------  ----------- ---------- ----------- ----- -------
00000000    00000000    00002a68   00002a68    r-x
  00000000    00000000    000000c0   000000c0    r-- .intvecs
  000000c0    000000c0    000029a8   000029a8    r-x .text
00002a70    00002a70    000001d0   000001d0    r--
  00002a70    00002a70    000001a0   000001a0    r-- .rodata
  00002c10    00002c10    00000030   00000030    r-- .cinit
20200000    20200000    000000e4   00000000    rw-
  20200000    20200000    000000be   00000000    rw- .bss
  202000c0    202000c0    00000024   00000000    rw- .data
20207e00    20207e00    00000200   00000000    rw-
  20207e00    20207e00    00000200   00000000    rw- .stack


SECTION ALLOCATION MAP

 output                                  attributes/
section   page    origin      length       input sections
--------  ----  ----------  ----------   ----------------
.intvecs   0    00000000    000000c0     
                  00000000    000000c0     startup_mspm0g350x_ticlang.o (.intvecs)

.text      0    000000c0    000029a8     
                  000000c0    000009d0     libc.a : _printfi.c.obj (.text:__TI_printfi)
                  00000a90    000002bc     bsp_tb6612.o (.text.Hunting)
                  00000d4c    00000220     libc.a : _printfi.c.obj (.text._pconv_a)
                  00000f6c    000001dc            : _printfi.c.obj (.text._pconv_g)
                  00001148    00000192     libclang_rt.builtins.a : adddf3.S.obj (.text.adddf3_subdf3)
                  000012da    00000002     startup_mspm0g350x_ticlang.o (.text.Default_Handler)
                  000012dc    0000013c     libc.a : _printfi.c.obj (.text.fcvt)
                  00001418    00000120            : _printfi.c.obj (.text._pconv_e)
                  00001538    0000010c     libclang_rt.builtins.a : divdf3.S.obj (.text.__divdf3)
                  00001644    00000104     driverlib.a : dl_timer.o (.text.DL_Timer_initFourCCPWMMode)
                  00001748    000000f0     ti_msp_dl_config.o (.text.SYSCFG_DL_GPIO_init)
                  00001838    000000e8     driverlib.a : dl_timer.o (.text.DL_Timer_initTimerMode)
                  00001920    000000e4     empty.o (.text.GROUP1_IRQHandler)
                  00001a04    000000e4     libclang_rt.builtins.a : muldf3.S.obj (.text.__muldf3)
                  00001ae8    000000dc     driverlib.a : dl_sysctl_mspm0g1x0x_g3x0x.o (.text.DL_SYSCTL_configSYSPLL)
                  00001bc4    000000d8     libc.a : s_scalbn.c.obj (.text.scalbn)
                  00001c9c    000000a2     libclang_rt.builtins.a : udivmoddi4.S.obj (.text)
                  00001d3e    0000009a     libc.a : memcpy16.S.obj (.text:memcpy)
                  00001dd8    00000094     ti_msp_dl_config.o (.text.SYSCFG_DL_PWM_0_init)
                  00001e6c    0000007c     libc.a : copy_decompress_lzss.c.obj (.text:decompress:lzss)
                  00001ee8    00000074     libclang_rt.builtins.a : comparedf2.c.obj (.text.__gedf2)
                  00001f5c    00000068                            : comparedf2.c.obj (.text.__ledf2)
                  00001fc4    00000068     board.o (.text.lc_printf)
                  0000202c    00000066     libc.a : _printfi.c.obj (.text._mcpy)
                  00002092    00000002     libclang_rt.builtins.a : aeabi_div0.c.obj (.text.__aeabi_idiv0)
                  00002094    00000064     driverlib.a : dl_sysctl_mspm0g1x0x_g3x0x.o (.text.DL_SYSCTL_setHFCLKSourceHFXTParams)
                  000020f8    00000064     ti_msp_dl_config.o (.text.SYSCFG_DL_SYSCTL_init)
                  0000215c    00000064     bsp_tb6612.o (.text.car_forward)
                  000021c0    00000062     libclang_rt.builtins.a : aeabi_dcmp.S.obj (.text.__aeabi_dcmp)
                  00002222    00000062     libc.a : memset16.S.obj (.text:memset)
                  00002284    00000060     ti_msp_dl_config.o (.text.SYSCFG_DL_UART_0_init)
                  000022e4    0000005c     libc.a : s_frexp.c.obj (.text.frexp)
                  00002340    00000058            : _ltoa.c.obj (.text.__TI_ltoa)
                  00002398    00000058            : _printfi.c.obj (.text._pconv_f)
                  000023f0    00000056     libclang_rt.builtins.a : aeabi_idivmod.S.obj (.text.__aeabi_idivmod)
                  00002446    00000052     libc.a : _printfi.c.obj (.text._ecpy)
                  00002498    0000004a     libclang_rt.builtins.a : fixdfsi.S.obj (.text.__fixdfsi)
                  000024e2    00000002                            : aeabi_div0.c.obj (.text.__aeabi_ldiv0)
                  000024e4    00000048     driverlib.a : dl_uart.o (.text.DL_UART_init)
                  0000252c    00000048     ti_msp_dl_config.o (.text.SYSCFG_DL_initPower)
                  00002574    00000044     driverlib.a : dl_sysctl_mspm0g1x0x_g3x0x.o (.text.DL_SYSCTL_switchMCLKfromSYSOSCtoHSCLK)
                  000025b8    00000040     libclang_rt.builtins.a : aeabi_uidivmod.S.obj (.text.__aeabi_uidivmod)
                  000025f8    00000040     libc.a : atoi.c.obj (.text.atoi)
                  00002638    00000040            : vsnprintf.c.obj (.text.vsnprintf)
                  00002678    0000003c            : autoinit.c.obj (.text:__TI_auto_init_nobinit_nopinit)
                  000026b4    0000003a     libclang_rt.builtins.a : muldsi3.S.obj (.text.__muldsi3)
                  000026ee    00000002     --HOLE-- [fill = 0]
                  000026f0    00000038     ti_msp_dl_config.o (.text.SYSCFG_DL_TIMER_0_init)
                  00002728    00000038     empty.o (.text.main)
                  00002760    00000030     libc.a : _printfi.c.obj (.text._fcpy)
                  00002790    00000030            : vsnprintf.c.obj (.text._outs)
                  000027c0    0000002c     ti_msp_dl_config.o (.text.SYSCFG_DL_init)
                  000027ec    0000002c     libclang_rt.builtins.a : floatsidf.S.obj (.text.__floatsidf)
                  00002818    00000028     ti_msp_dl_config.o (.text.SYSCFG_DL_SYSCTL_CLK_init)
                  00002840    00000028     libc.a : boot_cortex_m.c.obj (.text:_c_int00_noargs)
                  00002868    00000024     libclang_rt.builtins.a : muldi3.S.obj (.text.__muldi3)
                  0000288c    00000022     libc.a : memccpy.c.obj (.text.memccpy)
                  000028ae    00000002     --HOLE-- [fill = 0]
                  000028b0    0000001e     libclang_rt.builtins.a : ashldi3.S.obj (.text.__ashldi3)
                  000028ce    00000002     --HOLE-- [fill = 0]
                  000028d0    0000001c     driverlib.a : dl_timer.o (.text.DL_Timer_setCaptCompUpdateMethod)
                  000028ec    0000001c                 : dl_timer.o (.text.DL_Timer_setClockConfig)
                  00002908    0000001c     bsp_tb6612.o (.text.TB6612_Motor_Stop)
                  00002924    00000018     driverlib.a : dl_timer.o (.text.DL_Timer_setCaptureCompareOutCtl)
                  0000293c    00000018     libc.a : vsnprintf.c.obj (.text._outc)
                  00002954    00000016            : copy_zero_init.c.obj (.text:decompress:ZI:__TI_zero_init_nomemset)
                  0000296a    00000002     --HOLE-- [fill = 0]
                  0000296c    00000014     libclang_rt.builtins.a : aeabi_uldivmod.S.obj (.text.__aeabi_uldivmod)
                  00002980    00000014     libc.a : _printfi.c.obj (.text.strchr)
                  00002994    00000012     driverlib.a : dl_uart.o (.text.DL_UART_setClockConfig)
                  000029a6    00000012     libc.a : copy_decompress_none.c.obj (.text:decompress:none)
                  000029b8    00000010     driverlib.a : dl_timer.o (.text.DL_Timer_setCaptureCompareValue)
                  000029c8    00000010     board.o (.text.delay_ms)
                  000029d8    00000010     libc.a : wcslen.c.obj (.text.wcslen)
                  000029e8    0000000e     libclang_rt.builtins.a : aeabi_memset.S.obj (.text.__aeabi_memset)
                  000029f6    0000000e     libc.a : _printfi.c.obj (.text.strlen)
                  00002a04    0000000c     libclang_rt.builtins.a : aeabi_memset.S.obj (.text.__aeabi_memclr)
                  00002a10    0000000a     driverlib.a : dl_common.o (.text.DL_Common_delayCycles)
                  00002a1a    0000000a     libc.a : _printfi.c.obj (.text.OUTLINED_FUNCTION_0)
                  00002a24    00000010     libclang_rt.builtins.a : adddf3.S.obj (.tramp.__aeabi_dsub.1)
                  00002a34    0000000a     libc.a : _printfi.c.obj (.text.OUTLINED_FUNCTION_1)
                  00002a3e    00000002     --HOLE-- [fill = 0]
                  00002a40    00000008            : aeabi_portable.c.obj (.text.__aeabi_errno_addr)
                  00002a48    00000008     libclang_rt.builtins.a : aeabi_memcpy.S.obj (.text.__aeabi_memcpy)
                  00002a50    00000006     libc.a : exit.c.obj (.text:abort)
                  00002a56    00000004     libsysbm.a : hostexit.c.obj (.text.HOSTexit)
                  00002a5a    00000004     startup_mspm0g350x_ticlang.o (.text.Reset_Handler)
                  00002a5e    00000004     libc.a : pre_init.c.obj (.text._system_pre_init)
                  00002a62    00000006     --HOLE-- [fill = 0]

.cinit     0    00002c10    00000030     
                  00002c10    0000000c     (__TI_handler_table)
                  00002c1c    00000008     (.cinit..bss.load) [load image, compression = zero_init]
                  00002c24    00000008     (.cinit..data.load) [load image, compression = lzss]
                  00002c2c    00000010     (__TI_cinit_table)
                  00002c3c    00000004     --HOLE-- [fill = 0]

.rodata    0    00002a70    000001a0     
                  00002a70    00000101     libc.a : aeabi_ctype.S.obj (.rodata:__aeabi_ctype_table_)
                  00002b71    00000003     ti_msp_dl_config.o (.rodata.gPWM_0ClockConfig)
                  00002b74    00000028     ti_msp_dl_config.o (.rodata.gSYSPLLConfig)
                  00002b9c    00000021     bsp_tb6612.o (.rodata.str1.15091695396400935675.1)
                  00002bbd    00000003     ti_msp_dl_config.o (.rodata.gTIMER_0ClockConfig)
                  00002bc0    00000014     ti_msp_dl_config.o (.rodata.gTIMER_0TimerConfig)
                  00002bd4    00000011     libc.a : _printfi.c.obj (.rodata.str1.10348868589481759720.1)
                  00002be5    00000011            : _printfi.c.obj (.rodata.str1.15363888844622738466.1)
                  00002bf6    0000000a     ti_msp_dl_config.o (.rodata.gUART_0Config)
                  00002c00    00000008     ti_msp_dl_config.o (.rodata.gPWM_0Config)
                  00002c08    00000002     ti_msp_dl_config.o (.rodata.gUART_0ClockConfig)
                  00002c0a    00000006     --HOLE-- [fill = 0]

.init_array 
*          0    00000000    00000000     UNINITIALIZED

.binit     0    00000000    00000000     

.bss       0    20200000    000000be     UNINITIALIZED
                  20200000    000000bc     (.common:gPWM_0Backup)
                  202000bc    00000001     (.common:carState)
                  202000bd    00000001     (.common:currentState)

.data      0    202000c0    00000024     UNINITIALIZED
                  202000c0    00000004     libc.a : aeabi_portable.c.obj (.data.__aeabi_errno)
                  202000c4    00000004     bsp_tb6612.o (.data.count)
                  202000c8    00000004     bsp_tb6612.o (.data.sensor_A)
                  202000cc    00000004     bsp_tb6612.o (.data.sensor_B)
                  202000d0    00000004     bsp_tb6612.o (.data.sensor_C)
                  202000d4    00000004     bsp_tb6612.o (.data.sensor_D)
                  202000d8    00000004     bsp_tb6612.o (.data.sensor_L)
                  202000dc    00000004     bsp_tb6612.o (.data.sensor_R)
                  202000e0    00000002     empty.o (.data.L)
                  202000e2    00000002     empty.o (.data.R)

.stack     0    20207e00    00000200     UNINITIALIZED
                  20207e00    00000004     libc.a : boot_cortex_m.c.obj (.stack)
                  20207e04    000001fc     --HOLE--

__llvm_prf_cnts 
*          0    20200000    00000000     UNINITIALIZED

__llvm_prf_bits 
*          0    20200000    00000000     UNINITIALIZED

MODULE SUMMARY

       Module                         code    ro data   rw data
       ------                         ----    -------   -------
    .\
       ti_msp_dl_config.o             796     86        188    
       empty.o                        284     0         6      
       startup_mspm0g350x_ticlang.o   6       192       0      
    +--+------------------------------+-------+---------+---------+
       Total:                         1086    278       194    
                                                               
    .\BSP\src\
       bsp_tb6612.o                   828     33        28     
    +--+------------------------------+-------+---------+---------+
       Total:                         828     33        28     
                                                               
    .\Board\
       board.o                        120     0         0      
    +--+------------------------------+-------+---------+---------+
       Total:                         120     0         0      
                                                               
    E:/Code Composer Studio/mspm0_sdk_2_05_01_00/source/ti/driverlib/lib/ticlang/m0p/mspm0g1x0x_g3x0x/driverlib.a
       dl_timer.o                     588     0         0      
       dl_sysctl_mspm0g1x0x_g3x0x.o   388     0         0      
       dl_uart.o                      90      0         0      
       dl_common.o                    10      0         0      
    +--+------------------------------+-------+---------+---------+
       Total:                         1076    0         0      
                                                               
    E:\Code Composer Studio\ccs\tools\compiler\ti-cgt-armllvm_4.0.3.LTS\lib\armv6m-ti-none-eabi/c/libc.a
       _printfi.c.obj                 4510    34        0      
       aeabi_ctype.S.obj              0       257       0      
       s_scalbn.c.obj                 216     0         0      
       memcpy16.S.obj                 154     0         0      
       vsnprintf.c.obj                136     0         0      
       copy_decompress_lzss.c.obj     124     0         0      
       memset16.S.obj                 98      0         0      
       s_frexp.c.obj                  92      0         0      
       _ltoa.c.obj                    88      0         0      
       atoi.c.obj                     64      0         0      
       autoinit.c.obj                 60      0         0      
       boot_cortex_m.c.obj            40      0         0      
       memccpy.c.obj                  34      0         0      
       copy_zero_init.c.obj           22      0         0      
       copy_decompress_none.c.obj     18      0         0      
       wcslen.c.obj                   16      0         0      
       aeabi_portable.c.obj           8       0         4      
       exit.c.obj                     6       0         0      
       pre_init.c.obj                 4       0         0      
    +--+------------------------------+-------+---------+---------+
       Total:                         5690    291       4      
                                                               
    E:\Code Composer Studio\ccs\tools\compiler\ti-cgt-armllvm_4.0.3.LTS\lib\armv6m-ti-none-eabi/c/libsysbm.a
       hostexit.c.obj                 4       0         0      
    +--+------------------------------+-------+---------+---------+
       Total:                         4       0         0      
                                                               
    E:\Code Composer Studio\ccs\tools\compiler\ti-cgt-armllvm_4.0.3.LTS\lib\armv6m-ti-none-eabi/libclang_rt.builtins.a
       adddf3.S.obj                   418     0         0      
       divdf3.S.obj                   268     0         0      
       muldf3.S.obj                   228     0         0      
       comparedf2.c.obj               220     0         0      
       udivmoddi4.S.obj               162     0         0      
       aeabi_dcmp.S.obj               98      0         0      
       aeabi_idivmod.S.obj            86      0         0      
       fixdfsi.S.obj                  74      0         0      
       aeabi_uidivmod.S.obj           64      0         0      
       muldsi3.S.obj                  58      0         0      
       floatsidf.S.obj                44      0         0      
       muldi3.S.obj                   36      0         0      
       ashldi3.S.obj                  30      0         0      
       aeabi_memset.S.obj             26      0         0      
       aeabi_uldivmod.S.obj           20      0         0      
       aeabi_memcpy.S.obj             8       0         0      
       aeabi_div0.c.obj               4       0         0      
    +--+------------------------------+-------+---------+---------+
       Total:                         1844    0         0      
                                                               
       Stack:                         0       0         512    
       Linker Generated:              0       44        0      
    +--+------------------------------+-------+---------+---------+
       Grand Total:                   10648   646       738    


LINKER GENERATED COPY TABLES

__TI_cinit_table @ 00002c2c records: 2, size/record: 8, table size: 16
	.bss: load addr=00002c1c, load size=00000008 bytes, run addr=20200000, run size=000000be bytes, compression=zero_init
	.data: load addr=00002c24, load size=00000008 bytes, run addr=202000c0, run size=00000024 bytes, compression=lzss


LINKER GENERATED HANDLER TABLE

__TI_handler_table @ 00002c10 records: 3, size/record: 4, table size: 12
	index: 0, handler: __TI_decompress_lzss
	index: 1, handler: __TI_decompress_none
	index: 2, handler: __TI_zero_init


FAR CALL TRAMPOLINES

callee name               trampoline name
   callee addr  tramp addr   call addr  call info
--------------  -----------  ---------  ----------------
__aeabi_dsub              $Tramp$TT$L$PI$$__aeabi_dsub
   00001149     00002a24     00002a22   libc.a : _printfi.c.obj (.text.OUTLINED_FUNCTION_0)

[1 trampolines]
[1 trampoline calls]


GLOBAL SYMBOLS: SORTED ALPHABETICALLY BY Name 

address   name                                 
-------   ----                                 
000012db  ADC0_IRQHandler                      
000012db  ADC1_IRQHandler                      
000012db  AES_IRQHandler                       
00002a56  C$$EXIT                              
000012db  CANFD0_IRQHandler                    
000012db  DAC0_IRQHandler                      
00002a11  DL_Common_delayCycles                
00001ae9  DL_SYSCTL_configSYSPLL               
00002095  DL_SYSCTL_setHFCLKSourceHFXTParams   
00002575  DL_SYSCTL_switchMCLKfromSYSOSCtoHSCLK
00001645  DL_Timer_initFourCCPWMMode           
00001839  DL_Timer_initTimerMode               
000028d1  DL_Timer_setCaptCompUpdateMethod     
00002925  DL_Timer_setCaptureCompareOutCtl     
000029b9  DL_Timer_setCaptureCompareValue      
000028ed  DL_Timer_setClockConfig              
000024e5  DL_UART_init                         
00002995  DL_UART_setClockConfig               
000012db  DMA_IRQHandler                       
000012db  Default_Handler                      
000012db  GROUP0_IRQHandler                    
00001921  GROUP1_IRQHandler                    
00002a57  HOSTexit                             
000012db  HardFault_Handler                    
00000a91  Hunting                              
000012db  I2C0_IRQHandler                      
000012db  I2C1_IRQHandler                      
202000e0  L                                    
000012db  NMI_Handler                          
000012db  PendSV_Handler                       
202000e2  R                                    
000012db  RTC_IRQHandler                       
00002a5b  Reset_Handler                        
000012db  SPI0_IRQHandler                      
000012db  SPI1_IRQHandler                      
000012db  SVC_Handler                          
00001749  SYSCFG_DL_GPIO_init                  
00001dd9  SYSCFG_DL_PWM_0_init                 
00002819  SYSCFG_DL_SYSCTL_CLK_init            
000020f9  SYSCFG_DL_SYSCTL_init                
000026f1  SYSCFG_DL_TIMER_0_init               
00002285  SYSCFG_DL_UART_0_init                
000027c1  SYSCFG_DL_init                       
0000252d  SYSCFG_DL_initPower                  
000012db  SysTick_Handler                      
00002909  TB6612_Motor_Stop                    
000012db  TIMA0_IRQHandler                     
000012db  TIMA1_IRQHandler                     
000012db  TIMG0_IRQHandler                     
000012db  TIMG12_IRQHandler                    
000012db  TIMG6_IRQHandler                     
000012db  TIMG7_IRQHandler                     
000012db  TIMG8_IRQHandler                     
000012db  UART0_IRQHandler                     
000012db  UART1_IRQHandler                     
000012db  UART2_IRQHandler                     
000012db  UART3_IRQHandler                     
20208000  __STACK_END                          
00000200  __STACK_SIZE                         
00000000  __TI_ATRegion0_region_sz             
00000000  __TI_ATRegion0_src_addr              
00000000  __TI_ATRegion0_trg_addr              
00000000  __TI_ATRegion1_region_sz             
00000000  __TI_ATRegion1_src_addr              
00000000  __TI_ATRegion1_trg_addr              
00000000  __TI_ATRegion2_region_sz             
00000000  __TI_ATRegion2_src_addr              
00000000  __TI_ATRegion2_trg_addr              
00002c2c  __TI_CINIT_Base                      
00002c3c  __TI_CINIT_Limit                     
00002c3c  __TI_CINIT_Warm                      
00002c10  __TI_Handler_Table_Base              
00002c1c  __TI_Handler_Table_Limit             
00002679  __TI_auto_init_nobinit_nopinit       
00001e6d  __TI_decompress_lzss                 
000029a7  __TI_decompress_none                 
00002341  __TI_ltoa                            
ffffffff  __TI_pprof_out_hndl                  
000000c1  __TI_printfi                         
ffffffff  __TI_prof_data_size                  
ffffffff  __TI_prof_data_start                 
00000000  __TI_static_base__                   
00002955  __TI_zero_init_nomemset              
00001153  __adddf3                             
00002a70  __aeabi_ctype_table_                 
00002a70  __aeabi_ctype_table_C                
00002499  __aeabi_d2iz                         
00001153  __aeabi_dadd                         
000021c1  __aeabi_dcmpeq                       
000021fd  __aeabi_dcmpge                       
00002211  __aeabi_dcmpgt                       
000021e9  __aeabi_dcmple                       
000021d5  __aeabi_dcmplt                       
00001539  __aeabi_ddiv                         
00001a05  __aeabi_dmul                         
00001149  __aeabi_dsub                         
202000c0  __aeabi_errno                        
00002a41  __aeabi_errno_addr                   
000027ed  __aeabi_i2d                          
000023f1  __aeabi_idiv                         
00002093  __aeabi_idiv0                        
000023f1  __aeabi_idivmod                      
000024e3  __aeabi_ldiv0                        
000028b1  __aeabi_llsl                         
00002869  __aeabi_lmul                         
00002a05  __aeabi_memclr                       
00002a05  __aeabi_memclr4                      
00002a05  __aeabi_memclr8                      
00002a49  __aeabi_memcpy                       
00002a49  __aeabi_memcpy4                      
00002a49  __aeabi_memcpy8                      
000029e9  __aeabi_memset                       
000029e9  __aeabi_memset4                      
000029e9  __aeabi_memset8                      
000025b9  __aeabi_uidiv                        
000025b9  __aeabi_uidivmod                     
0000296d  __aeabi_uldivmod                     
000028b1  __ashldi3                            
ffffffff  __binit__                            
00001f5d  __cmpdf2                             
00001539  __divdf3                             
00001f5d  __eqdf2                              
00002499  __fixdfsi                            
000027ed  __floatsidf                          
00001ee9  __gedf2                              
00001ee9  __gtdf2                              
00001f5d  __ledf2                              
00001f5d  __ltdf2                              
UNDEFED   __mpu_init                           
00001a05  __muldf3                             
00002869  __muldi3                             
000026b5  __muldsi3                            
00001f5d  __nedf2                              
20207e00  __stack                              
20200000  __start___llvm_prf_bits              
20200000  __start___llvm_prf_cnts              
20200000  __stop___llvm_prf_bits               
20200000  __stop___llvm_prf_cnts               
00001149  __subdf3                             
00001c9d  __udivmoddi4                         
00002841  _c_int00_noargs                      
UNDEFED   _system_post_cinit                   
00002a5f  _system_pre_init                     
00002a51  abort                                
000025f9  atoi                                 
ffffffff  binit                                
202000bc  carState                             
0000215d  car_forward                          
202000c4  count                                
202000bd  currentState                         
000029c9  delay_ms                             
000022e5  frexp                                
000022e5  frexpl                               
20200000  gPWM_0Backup                         
00000000  interruptVectors                     
00001fc5  lc_printf                            
00001bc5  ldexp                                
00001bc5  ldexpl                               
00002729  main                                 
0000288d  memccpy                              
00001d3f  memcpy                               
00002223  memset                               
00001bc5  scalbn                               
00001bc5  scalbnl                              
202000c8  sensor_A                             
202000cc  sensor_B                             
202000d0  sensor_C                             
202000d4  sensor_D                             
202000d8  sensor_L                             
202000dc  sensor_R                             
00002639  vsnprintf                            
000029d9  wcslen                               


GLOBAL SYMBOLS: SORTED BY Symbol Address 

address   name                                 
-------   ----                                 
00000000  __TI_ATRegion0_region_sz             
00000000  __TI_ATRegion0_src_addr              
00000000  __TI_ATRegion0_trg_addr              
00000000  __TI_ATRegion1_region_sz             
00000000  __TI_ATRegion1_src_addr              
00000000  __TI_ATRegion1_trg_addr              
00000000  __TI_ATRegion2_region_sz             
00000000  __TI_ATRegion2_src_addr              
00000000  __TI_ATRegion2_trg_addr              
00000000  __TI_static_base__                   
00000000  interruptVectors                     
000000c1  __TI_printfi                         
00000200  __STACK_SIZE                         
00000a91  Hunting                              
00001149  __aeabi_dsub                         
00001149  __subdf3                             
00001153  __adddf3                             
00001153  __aeabi_dadd                         
000012db  ADC0_IRQHandler                      
000012db  ADC1_IRQHandler                      
000012db  AES_IRQHandler                       
000012db  CANFD0_IRQHandler                    
000012db  DAC0_IRQHandler                      
000012db  DMA_IRQHandler                       
000012db  Default_Handler                      
000012db  GROUP0_IRQHandler                    
000012db  HardFault_Handler                    
000012db  I2C0_IRQHandler                      
000012db  I2C1_IRQHandler                      
000012db  NMI_Handler                          
000012db  PendSV_Handler                       
000012db  RTC_IRQHandler                       
000012db  SPI0_IRQHandler                      
000012db  SPI1_IRQHandler                      
000012db  SVC_Handler                          
000012db  SysTick_Handler                      
000012db  TIMA0_IRQHandler                     
000012db  TIMA1_IRQHandler                     
000012db  TIMG0_IRQHandler                     
000012db  TIMG12_IRQHandler                    
000012db  TIMG6_IRQHandler                     
000012db  TIMG7_IRQHandler                     
000012db  TIMG8_IRQHandler                     
000012db  UART0_IRQHandler                     
000012db  UART1_IRQHandler                     
000012db  UART2_IRQHandler                     
000012db  UART3_IRQHandler                     
00001539  __aeabi_ddiv                         
00001539  __divdf3                             
00001645  DL_Timer_initFourCCPWMMode           
00001749  SYSCFG_DL_GPIO_init                  
00001839  DL_Timer_initTimerMode               
00001921  GROUP1_IRQHandler                    
00001a05  __aeabi_dmul                         
00001a05  __muldf3                             
00001ae9  DL_SYSCTL_configSYSPLL               
00001bc5  ldexp                                
00001bc5  ldexpl                               
00001bc5  scalbn                               
00001bc5  scalbnl                              
00001c9d  __udivmoddi4                         
00001d3f  memcpy                               
00001dd9  SYSCFG_DL_PWM_0_init                 
00001e6d  __TI_decompress_lzss                 
00001ee9  __gedf2                              
00001ee9  __gtdf2                              
00001f5d  __cmpdf2                             
00001f5d  __eqdf2                              
00001f5d  __ledf2                              
00001f5d  __ltdf2                              
00001f5d  __nedf2                              
00001fc5  lc_printf                            
00002093  __aeabi_idiv0                        
00002095  DL_SYSCTL_setHFCLKSourceHFXTParams   
000020f9  SYSCFG_DL_SYSCTL_init                
0000215d  car_forward                          
000021c1  __aeabi_dcmpeq                       
000021d5  __aeabi_dcmplt                       
000021e9  __aeabi_dcmple                       
000021fd  __aeabi_dcmpge                       
00002211  __aeabi_dcmpgt                       
00002223  memset                               
00002285  SYSCFG_DL_UART_0_init                
000022e5  frexp                                
000022e5  frexpl                               
00002341  __TI_ltoa                            
000023f1  __aeabi_idiv                         
000023f1  __aeabi_idivmod                      
00002499  __aeabi_d2iz                         
00002499  __fixdfsi                            
000024e3  __aeabi_ldiv0                        
000024e5  DL_UART_init                         
0000252d  SYSCFG_DL_initPower                  
00002575  DL_SYSCTL_switchMCLKfromSYSOSCtoHSCLK
000025b9  __aeabi_uidiv                        
000025b9  __aeabi_uidivmod                     
000025f9  atoi                                 
00002639  vsnprintf                            
00002679  __TI_auto_init_nobinit_nopinit       
000026b5  __muldsi3                            
000026f1  SYSCFG_DL_TIMER_0_init               
00002729  main                                 
000027c1  SYSCFG_DL_init                       
000027ed  __aeabi_i2d                          
000027ed  __floatsidf                          
00002819  SYSCFG_DL_SYSCTL_CLK_init            
00002841  _c_int00_noargs                      
00002869  __aeabi_lmul                         
00002869  __muldi3                             
0000288d  memccpy                              
000028b1  __aeabi_llsl                         
000028b1  __ashldi3                            
000028d1  DL_Timer_setCaptCompUpdateMethod     
000028ed  DL_Timer_setClockConfig              
00002909  TB6612_Motor_Stop                    
00002925  DL_Timer_setCaptureCompareOutCtl     
00002955  __TI_zero_init_nomemset              
0000296d  __aeabi_uldivmod                     
00002995  DL_UART_setClockConfig               
000029a7  __TI_decompress_none                 
000029b9  DL_Timer_setCaptureCompareValue      
000029c9  delay_ms                             
000029d9  wcslen                               
000029e9  __aeabi_memset                       
000029e9  __aeabi_memset4                      
000029e9  __aeabi_memset8                      
00002a05  __aeabi_memclr                       
00002a05  __aeabi_memclr4                      
00002a05  __aeabi_memclr8                      
00002a11  DL_Common_delayCycles                
00002a41  __aeabi_errno_addr                   
00002a49  __aeabi_memcpy                       
00002a49  __aeabi_memcpy4                      
00002a49  __aeabi_memcpy8                      
00002a51  abort                                
00002a56  C$$EXIT                              
00002a57  HOSTexit                             
00002a5b  Reset_Handler                        
00002a5f  _system_pre_init                     
00002a70  __aeabi_ctype_table_                 
00002a70  __aeabi_ctype_table_C                
00002c10  __TI_Handler_Table_Base              
00002c1c  __TI_Handler_Table_Limit             
00002c2c  __TI_CINIT_Base                      
00002c3c  __TI_CINIT_Limit                     
00002c3c  __TI_CINIT_Warm                      
20200000  __start___llvm_prf_bits              
20200000  __start___llvm_prf_cnts              
20200000  __stop___llvm_prf_bits               
20200000  __stop___llvm_prf_cnts               
20200000  gPWM_0Backup                         
202000bc  carState                             
202000bd  currentState                         
202000c0  __aeabi_errno                        
202000c4  count                                
202000c8  sensor_A                             
202000cc  sensor_B                             
202000d0  sensor_C                             
202000d4  sensor_D                             
202000d8  sensor_L                             
202000dc  sensor_R                             
202000e0  L                                    
202000e2  R                                    
20207e00  __stack                              
20208000  __STACK_END                          
ffffffff  __TI_pprof_out_hndl                  
ffffffff  __TI_prof_data_size                  
ffffffff  __TI_prof_data_start                 
ffffffff  __binit__                            
ffffffff  binit                                
UNDEFED   __mpu_init                           
UNDEFED   _system_post_cinit                   

[172 symbols]
