******************************************************************************
            TI ARM Clang Linker PC v4.0.3                      
******************************************************************************
>> Linked Sat Jul 26 20:19:24 2025

OUTPUT FILE NAME:   <TMX_MSPM0G3507_ProjectTemplate.out>
ENTRY POINT SYMBOL: "_c_int00_noargs"  address: 000024ad


MEMORY CONFIGURATION

         name            origin    length      used     unused   attr    fill
----------------------  --------  ---------  --------  --------  ----  --------
  FLASH                 00000000   00020000  000028d0  0001d730  R  X
  SRAM                  20200000   00008000  000002c0  00007d40  RW X
  BCR_CONFIG            41c00000   000000ff  00000000  000000ff  R   
  BSL_CONFIG            41c00100   00000080  00000000  00000080  R   


SEGMENT ALLOCATION MAP

run origin  load origin   length   init length attrs members
----------  ----------- ---------- ----------- ----- -------
00000000    00000000    000028d0   000028d0    r-x
  00000000    00000000    000000c0   000000c0    r-- .intvecs
  000000c0    000000c0    00002610   00002610    r-x .text
  000026d0    000026d0    000001d0   000001d0    r-- .rodata
  000028a0    000028a0    00000030   00000030    r-- .cinit
20200000    20200000    000000c0   00000000    rw-
  20200000    20200000    000000bc   00000000    rw- .bss
  202000bc    202000bc    00000004   00000000    rw- .data
20207e00    20207e00    00000200   00000000    rw-
  20207e00    20207e00    00000200   00000000    rw- .stack


SECTION ALLOCATION MAP

 output                                  attributes/
section   page    origin      length       input sections
--------  ----  ----------  ----------   ----------------
.intvecs   0    00000000    000000c0     
                  00000000    000000c0     startup_mspm0g350x_ticlang.o (.intvecs)

.text      0    000000c0    00002610     
                  000000c0    000009d0     libc.a : _printfi.c.obj (.text:__TI_printfi)
                  00000a90    00000220            : _printfi.c.obj (.text._pconv_a)
                  00000cb0    000001dc            : _printfi.c.obj (.text._pconv_g)
                  00000e8c    000001d4     empty.o (.text.main)
                  00001060    00000192     libclang_rt.builtins.a : adddf3.S.obj (.text.adddf3_subdf3)
                  000011f2    00000002     startup_mspm0g350x_ticlang.o (.text.Default_Handler)
                  000011f4    0000013c     libc.a : _printfi.c.obj (.text.fcvt)
                  00001330    00000120            : _printfi.c.obj (.text._pconv_e)
                  00001450    0000010c     libclang_rt.builtins.a : divdf3.S.obj (.text.__divdf3)
                  0000155c    00000104     driverlib.a : dl_timer.o (.text.DL_Timer_initFourCCPWMMode)
                  00001660    000000e4     libclang_rt.builtins.a : muldf3.S.obj (.text.__muldf3)
                  00001744    000000dc     driverlib.a : dl_sysctl_mspm0g1x0x_g3x0x.o (.text.DL_SYSCTL_configSYSPLL)
                  00001820    000000d8     libc.a : s_scalbn.c.obj (.text.scalbn)
                  000018f8    000000a2     libclang_rt.builtins.a : udivmoddi4.S.obj (.text)
                  0000199a    0000009a     libc.a : memcpy16.S.obj (.text:memcpy)
                  00001a34    00000094     ti_msp_dl_config.o (.text.SYSCFG_DL_PWM_0_init)
                  00001ac8    0000007c     libc.a : copy_decompress_lzss.c.obj (.text:decompress:lzss)
                  00001b44    00000074     libclang_rt.builtins.a : comparedf2.c.obj (.text.__gedf2)
                  00001bb8    00000068                            : comparedf2.c.obj (.text.__ledf2)
                  00001c20    00000068     board.o (.text.lc_printf)
                  00001c88    00000066     libc.a : _printfi.c.obj (.text._mcpy)
                  00001cee    00000002     libclang_rt.builtins.a : aeabi_div0.c.obj (.text.__aeabi_idiv0)
                  00001cf0    00000064     driverlib.a : dl_sysctl_mspm0g1x0x_g3x0x.o (.text.DL_SYSCTL_setHFCLKSourceHFXTParams)
                  00001d54    00000064     ti_msp_dl_config.o (.text.SYSCFG_DL_SYSCTL_init)
                  00001db8    00000062     libclang_rt.builtins.a : aeabi_dcmp.S.obj (.text.__aeabi_dcmp)
                  00001e1a    00000062     libc.a : memset16.S.obj (.text:memset)
                  00001e7c    00000060     ti_msp_dl_config.o (.text.SYSCFG_DL_GPIO_init)
                  00001edc    00000060     ti_msp_dl_config.o (.text.SYSCFG_DL_UART_0_init)
                  00001f3c    0000005c     libc.a : s_frexp.c.obj (.text.frexp)
                  00001f98    00000058            : _ltoa.c.obj (.text.__TI_ltoa)
                  00001ff0    00000058            : _printfi.c.obj (.text._pconv_f)
                  00002048    00000056     libclang_rt.builtins.a : aeabi_idivmod.S.obj (.text.__aeabi_idivmod)
                  0000209e    00000052     libc.a : _printfi.c.obj (.text._ecpy)
                  000020f0    0000004a     libclang_rt.builtins.a : fixdfsi.S.obj (.text.__fixdfsi)
                  0000213a    00000002                            : aeabi_div0.c.obj (.text.__aeabi_ldiv0)
                  0000213c    00000048     bsp_tb6612.o (.text.AO_Control)
                  00002184    00000048     bsp_tb6612.o (.text.BO_Control)
                  000021cc    00000048     driverlib.a : dl_uart.o (.text.DL_UART_init)
                  00002214    00000044                 : dl_sysctl_mspm0g1x0x_g3x0x.o (.text.DL_SYSCTL_switchMCLKfromSYSOSCtoHSCLK)
                  00002258    00000040     ti_msp_dl_config.o (.text.SYSCFG_DL_initPower)
                  00002298    00000040     libclang_rt.builtins.a : aeabi_uidivmod.S.obj (.text.__aeabi_uidivmod)
                  000022d8    00000040     libc.a : atoi.c.obj (.text.atoi)
                  00002318    00000040            : vsnprintf.c.obj (.text.vsnprintf)
                  00002358    0000003c            : autoinit.c.obj (.text:__TI_auto_init_nobinit_nopinit)
                  00002394    0000003a     libclang_rt.builtins.a : muldsi3.S.obj (.text.__muldsi3)
                  000023ce    00000030     libc.a : _printfi.c.obj (.text._fcpy)
                  000023fe    00000030            : vsnprintf.c.obj (.text._outs)
                  0000242e    00000002     --HOLE-- [fill = 0]
                  00002430    0000002c     libclang_rt.builtins.a : floatsidf.S.obj (.text.__floatsidf)
                  0000245c    00000028     ti_msp_dl_config.o (.text.SYSCFG_DL_SYSCTL_CLK_init)
                  00002484    00000028     ti_msp_dl_config.o (.text.SYSCFG_DL_init)
                  000024ac    00000028     libc.a : boot_cortex_m.c.obj (.text:_c_int00_noargs)
                  000024d4    00000024     libclang_rt.builtins.a : muldi3.S.obj (.text.__muldi3)
                  000024f8    00000022     libc.a : memccpy.c.obj (.text.memccpy)
                  0000251a    00000002     --HOLE-- [fill = 0]
                  0000251c    0000001e     libclang_rt.builtins.a : ashldi3.S.obj (.text.__ashldi3)
                  0000253a    00000002     --HOLE-- [fill = 0]
                  0000253c    0000001c     driverlib.a : dl_timer.o (.text.DL_Timer_setCaptCompUpdateMethod)
                  00002558    0000001c                 : dl_timer.o (.text.DL_Timer_setClockConfig)
                  00002574    0000001c     bsp_tb6612.o (.text.TB6612_Motor_Stop)
                  00002590    00000018     driverlib.a : dl_timer.o (.text.DL_Timer_setCaptureCompareOutCtl)
                  000025a8    00000018     libc.a : vsnprintf.c.obj (.text._outc)
                  000025c0    00000016            : copy_zero_init.c.obj (.text:decompress:ZI:__TI_zero_init_nomemset)
                  000025d6    00000002     --HOLE-- [fill = 0]
                  000025d8    00000014     libclang_rt.builtins.a : aeabi_uldivmod.S.obj (.text.__aeabi_uldivmod)
                  000025ec    00000014     libc.a : _printfi.c.obj (.text.strchr)
                  00002600    00000012     driverlib.a : dl_uart.o (.text.DL_UART_setClockConfig)
                  00002612    00000012     libc.a : copy_decompress_none.c.obj (.text:decompress:none)
                  00002624    00000010     driverlib.a : dl_timer.o (.text.DL_Timer_setCaptureCompareValue)
                  00002634    00000010     board.o (.text.delay_ms)
                  00002644    00000010     libc.a : wcslen.c.obj (.text.wcslen)
                  00002654    0000000e     libclang_rt.builtins.a : aeabi_memset.S.obj (.text.__aeabi_memset)
                  00002662    0000000e     libc.a : _printfi.c.obj (.text.strlen)
                  00002670    0000000c     libclang_rt.builtins.a : aeabi_memset.S.obj (.text.__aeabi_memclr)
                  0000267c    0000000a     driverlib.a : dl_common.o (.text.DL_Common_delayCycles)
                  00002686    0000000a     libc.a : _printfi.c.obj (.text.OUTLINED_FUNCTION_0)
                  00002690    00000010     libclang_rt.builtins.a : adddf3.S.obj (.tramp.__aeabi_dsub.1)
                  000026a0    0000000a     libc.a : _printfi.c.obj (.text.OUTLINED_FUNCTION_1)
                  000026aa    00000002     --HOLE-- [fill = 0]
                  000026ac    00000008            : aeabi_portable.c.obj (.text.__aeabi_errno_addr)
                  000026b4    00000008     libclang_rt.builtins.a : aeabi_memcpy.S.obj (.text.__aeabi_memcpy)
                  000026bc    00000006     libc.a : exit.c.obj (.text:abort)
                  000026c2    00000004     libsysbm.a : hostexit.c.obj (.text.HOSTexit)
                  000026c6    00000004     startup_mspm0g350x_ticlang.o (.text.Reset_Handler)
                  000026ca    00000004     libc.a : pre_init.c.obj (.text._system_pre_init)
                  000026ce    00000002     --HOLE-- [fill = 0]

.cinit     0    000028a0    00000030     
                  000028a0    0000000c     (__TI_handler_table)
                  000028ac    00000008     (.cinit..bss.load) [load image, compression = zero_init]
                  000028b4    00000007     (.cinit..data.load) [load image, compression = lzss]
                  000028bb    00000001     --HOLE-- [fill = 0]
                  000028bc    00000010     (__TI_cinit_table)
                  000028cc    00000004     --HOLE-- [fill = 0]

.rodata    0    000026d0    000001d0     
                  000026d0    00000101     libc.a : aeabi_ctype.S.obj (.rodata:__aeabi_ctype_table_)
                  000027d1    00000003     ti_msp_dl_config.o (.rodata.gPWM_0ClockConfig)
                  000027d4    00000028     ti_msp_dl_config.o (.rodata.gSYSPLLConfig)
                  000027fc    00000021     bsp_tb6612.o (.rodata.str1.15091695396400935675.1)
                  0000281d    0000001e     empty.o (.rodata.str1.9517790425240694019.1)
                  0000283b    00000015     empty.o (.rodata.str1.14685083708502177989.1)
                  00002850    00000015     empty.o (.rodata.str1.254342170260855183.1)
                  00002865    00000011     libc.a : _printfi.c.obj (.rodata.str1.10348868589481759720.1)
                  00002876    00000011            : _printfi.c.obj (.rodata.str1.15363888844622738466.1)
                  00002887    00000001     --HOLE-- [fill = 0]
                  00002888    0000000a     ti_msp_dl_config.o (.rodata.gUART_0Config)
                  00002892    00000002     ti_msp_dl_config.o (.rodata.gUART_0ClockConfig)
                  00002894    00000008     ti_msp_dl_config.o (.rodata.gPWM_0Config)
                  0000289c    00000004     --HOLE-- [fill = 0]

.init_array 
*          0    00000000    00000000     UNINITIALIZED

.binit     0    00000000    00000000     

.bss       0    20200000    000000bc     UNINITIALIZED
                  20200000    000000bc     (.common:gPWM_0Backup)

.data      0    202000bc    00000004     UNINITIALIZED
                  202000bc    00000004     libc.a : aeabi_portable.c.obj (.data.__aeabi_errno)

.stack     0    20207e00    00000200     UNINITIALIZED
                  20207e00    00000004     libc.a : boot_cortex_m.c.obj (.stack)
                  20207e04    000001fc     --HOLE--

__llvm_prf_cnts 
*          0    20200000    00000000     UNINITIALIZED

__llvm_prf_bits 
*          0    20200000    00000000     UNINITIALIZED

MODULE SUMMARY

       Module                         code   ro data   rw data
       ------                         ----   -------   -------
    .\
       ti_msp_dl_config.o             584    63        188    
       empty.o                        468    72        0      
       startup_mspm0g350x_ticlang.o   6      192       0      
    +--+------------------------------+------+---------+---------+
       Total:                         1058   327       188    
                                                              
    .\BSP\src\
       bsp_tb6612.o                   172    33        0      
    +--+------------------------------+------+---------+---------+
       Total:                         172    33        0      
                                                              
    .\Board\
       board.o                        120    0         0      
    +--+------------------------------+------+---------+---------+
       Total:                         120    0         0      
                                                              
    E:/Code Composer Studio/mspm0_sdk_2_05_01_00/source/ti/driverlib/lib/ticlang/m0p/mspm0g1x0x_g3x0x/driverlib.a
       dl_sysctl_mspm0g1x0x_g3x0x.o   388    0         0      
       dl_timer.o                     356    0         0      
       dl_uart.o                      90     0         0      
       dl_common.o                    10     0         0      
    +--+------------------------------+------+---------+---------+
       Total:                         844    0         0      
                                                              
    E:\Code Composer Studio\ccs\tools\compiler\ti-cgt-armllvm_4.0.3.LTS\lib\armv6m-ti-none-eabi/c/libc.a
       _printfi.c.obj                 4510   34        0      
       aeabi_ctype.S.obj              0      257       0      
       s_scalbn.c.obj                 216    0         0      
       memcpy16.S.obj                 154    0         0      
       vsnprintf.c.obj                136    0         0      
       copy_decompress_lzss.c.obj     124    0         0      
       memset16.S.obj                 98     0         0      
       s_frexp.c.obj                  92     0         0      
       _ltoa.c.obj                    88     0         0      
       atoi.c.obj                     64     0         0      
       autoinit.c.obj                 60     0         0      
       boot_cortex_m.c.obj            40     0         0      
       memccpy.c.obj                  34     0         0      
       copy_zero_init.c.obj           22     0         0      
       copy_decompress_none.c.obj     18     0         0      
       wcslen.c.obj                   16     0         0      
       aeabi_portable.c.obj           8      0         4      
       exit.c.obj                     6      0         0      
       pre_init.c.obj                 4      0         0      
    +--+------------------------------+------+---------+---------+
       Total:                         5690   291       4      
                                                              
    E:\Code Composer Studio\ccs\tools\compiler\ti-cgt-armllvm_4.0.3.LTS\lib\armv6m-ti-none-eabi/c/libsysbm.a
       hostexit.c.obj                 4      0         0      
    +--+------------------------------+------+---------+---------+
       Total:                         4      0         0      
                                                              
    E:\Code Composer Studio\ccs\tools\compiler\ti-cgt-armllvm_4.0.3.LTS\lib\armv6m-ti-none-eabi/libclang_rt.builtins.a
       adddf3.S.obj                   418    0         0      
       divdf3.S.obj                   268    0         0      
       muldf3.S.obj                   228    0         0      
       comparedf2.c.obj               220    0         0      
       udivmoddi4.S.obj               162    0         0      
       aeabi_dcmp.S.obj               98     0         0      
       aeabi_idivmod.S.obj            86     0         0      
       fixdfsi.S.obj                  74     0         0      
       aeabi_uidivmod.S.obj           64     0         0      
       muldsi3.S.obj                  58     0         0      
       floatsidf.S.obj                44     0         0      
       muldi3.S.obj                   36     0         0      
       ashldi3.S.obj                  30     0         0      
       aeabi_memset.S.obj             26     0         0      
       aeabi_uldivmod.S.obj           20     0         0      
       aeabi_memcpy.S.obj             8      0         0      
       aeabi_div0.c.obj               4      0         0      
    +--+------------------------------+------+---------+---------+
       Total:                         1844   0         0      
                                                              
       Stack:                         0      0         512    
       Linker Generated:              0      43        0      
    +--+------------------------------+------+---------+---------+
       Grand Total:                   9732   694       704    


LINKER GENERATED COPY TABLES

__TI_cinit_table @ 000028bc records: 2, size/record: 8, table size: 16
	.bss: load addr=000028ac, load size=00000008 bytes, run addr=20200000, run size=000000bc bytes, compression=zero_init
	.data: load addr=000028b4, load size=00000007 bytes, run addr=202000bc, run size=00000004 bytes, compression=lzss


LINKER GENERATED HANDLER TABLE

__TI_handler_table @ 000028a0 records: 3, size/record: 4, table size: 12
	index: 0, handler: __TI_decompress_lzss
	index: 1, handler: __TI_decompress_none
	index: 2, handler: __TI_zero_init


FAR CALL TRAMPOLINES

callee name               trampoline name
   callee addr  tramp addr   call addr  call info
--------------  -----------  ---------  ----------------
__aeabi_dsub              $Tramp$TT$L$PI$$__aeabi_dsub
   00001061     00002690     0000268e   libc.a : _printfi.c.obj (.text.OUTLINED_FUNCTION_0)

[1 trampolines]
[1 trampoline calls]


GLOBAL SYMBOLS: SORTED ALPHABETICALLY BY Name 

address   name                                 
-------   ----                                 
000011f3  ADC0_IRQHandler                      
000011f3  ADC1_IRQHandler                      
000011f3  AES_IRQHandler                       
0000213d  AO_Control                           
00002185  BO_Control                           
000026c2  C$$EXIT                              
000011f3  CANFD0_IRQHandler                    
000011f3  DAC0_IRQHandler                      
0000267d  DL_Common_delayCycles                
00001745  DL_SYSCTL_configSYSPLL               
00001cf1  DL_SYSCTL_setHFCLKSourceHFXTParams   
00002215  DL_SYSCTL_switchMCLKfromSYSOSCtoHSCLK
0000155d  DL_Timer_initFourCCPWMMode           
0000253d  DL_Timer_setCaptCompUpdateMethod     
00002591  DL_Timer_setCaptureCompareOutCtl     
00002625  DL_Timer_setCaptureCompareValue      
00002559  DL_Timer_setClockConfig              
000021cd  DL_UART_init                         
00002601  DL_UART_setClockConfig               
000011f3  DMA_IRQHandler                       
000011f3  Default_Handler                      
000011f3  GROUP0_IRQHandler                    
000011f3  GROUP1_IRQHandler                    
000026c3  HOSTexit                             
000011f3  HardFault_Handler                    
000011f3  I2C0_IRQHandler                      
000011f3  I2C1_IRQHandler                      
000011f3  NMI_Handler                          
000011f3  PendSV_Handler                       
000011f3  RTC_IRQHandler                       
000026c7  Reset_Handler                        
000011f3  SPI0_IRQHandler                      
000011f3  SPI1_IRQHandler                      
000011f3  SVC_Handler                          
00001e7d  SYSCFG_DL_GPIO_init                  
00001a35  SYSCFG_DL_PWM_0_init                 
0000245d  SYSCFG_DL_SYSCTL_CLK_init            
00001d55  SYSCFG_DL_SYSCTL_init                
00001edd  SYSCFG_DL_UART_0_init                
00002485  SYSCFG_DL_init                       
00002259  SYSCFG_DL_initPower                  
000011f3  SysTick_Handler                      
00002575  TB6612_Motor_Stop                    
000011f3  TIMA0_IRQHandler                     
000011f3  TIMA1_IRQHandler                     
000011f3  TIMG0_IRQHandler                     
000011f3  TIMG12_IRQHandler                    
000011f3  TIMG6_IRQHandler                     
000011f3  TIMG7_IRQHandler                     
000011f3  TIMG8_IRQHandler                     
000011f3  UART0_IRQHandler                     
000011f3  UART1_IRQHandler                     
000011f3  UART2_IRQHandler                     
000011f3  UART3_IRQHandler                     
20208000  __STACK_END                          
00000200  __STACK_SIZE                         
00000000  __TI_ATRegion0_region_sz             
00000000  __TI_ATRegion0_src_addr              
00000000  __TI_ATRegion0_trg_addr              
00000000  __TI_ATRegion1_region_sz             
00000000  __TI_ATRegion1_src_addr              
00000000  __TI_ATRegion1_trg_addr              
00000000  __TI_ATRegion2_region_sz             
00000000  __TI_ATRegion2_src_addr              
00000000  __TI_ATRegion2_trg_addr              
000028bc  __TI_CINIT_Base                      
000028cc  __TI_CINIT_Limit                     
000028cc  __TI_CINIT_Warm                      
000028a0  __TI_Handler_Table_Base              
000028ac  __TI_Handler_Table_Limit             
00002359  __TI_auto_init_nobinit_nopinit       
00001ac9  __TI_decompress_lzss                 
00002613  __TI_decompress_none                 
00001f99  __TI_ltoa                            
ffffffff  __TI_pprof_out_hndl                  
000000c1  __TI_printfi                         
ffffffff  __TI_prof_data_size                  
ffffffff  __TI_prof_data_start                 
00000000  __TI_static_base__                   
000025c1  __TI_zero_init_nomemset              
0000106b  __adddf3                             
000026d0  __aeabi_ctype_table_                 
000026d0  __aeabi_ctype_table_C                
000020f1  __aeabi_d2iz                         
0000106b  __aeabi_dadd                         
00001db9  __aeabi_dcmpeq                       
00001df5  __aeabi_dcmpge                       
00001e09  __aeabi_dcmpgt                       
00001de1  __aeabi_dcmple                       
00001dcd  __aeabi_dcmplt                       
00001451  __aeabi_ddiv                         
00001661  __aeabi_dmul                         
00001061  __aeabi_dsub                         
202000bc  __aeabi_errno                        
000026ad  __aeabi_errno_addr                   
00002431  __aeabi_i2d                          
00002049  __aeabi_idiv                         
00001cef  __aeabi_idiv0                        
00002049  __aeabi_idivmod                      
0000213b  __aeabi_ldiv0                        
0000251d  __aeabi_llsl                         
000024d5  __aeabi_lmul                         
00002671  __aeabi_memclr                       
00002671  __aeabi_memclr4                      
00002671  __aeabi_memclr8                      
000026b5  __aeabi_memcpy                       
000026b5  __aeabi_memcpy4                      
000026b5  __aeabi_memcpy8                      
00002655  __aeabi_memset                       
00002655  __aeabi_memset4                      
00002655  __aeabi_memset8                      
00002299  __aeabi_uidiv                        
00002299  __aeabi_uidivmod                     
000025d9  __aeabi_uldivmod                     
0000251d  __ashldi3                            
ffffffff  __binit__                            
00001bb9  __cmpdf2                             
00001451  __divdf3                             
00001bb9  __eqdf2                              
000020f1  __fixdfsi                            
00002431  __floatsidf                          
00001b45  __gedf2                              
00001b45  __gtdf2                              
00001bb9  __ledf2                              
00001bb9  __ltdf2                              
UNDEFED   __mpu_init                           
00001661  __muldf3                             
000024d5  __muldi3                             
00002395  __muldsi3                            
00001bb9  __nedf2                              
20207e00  __stack                              
20200000  __start___llvm_prf_bits              
20200000  __start___llvm_prf_cnts              
20200000  __stop___llvm_prf_bits               
20200000  __stop___llvm_prf_cnts               
00001061  __subdf3                             
000018f9  __udivmoddi4                         
000024ad  _c_int00_noargs                      
UNDEFED   _system_post_cinit                   
000026cb  _system_pre_init                     
000026bd  abort                                
000022d9  atoi                                 
ffffffff  binit                                
00002635  delay_ms                             
00001f3d  frexp                                
00001f3d  frexpl                               
20200000  gPWM_0Backup                         
00000000  interruptVectors                     
00001c21  lc_printf                            
00001821  ldexp                                
00001821  ldexpl                               
00000e8d  main                                 
000024f9  memccpy                              
0000199b  memcpy                               
00001e1b  memset                               
00001821  scalbn                               
00001821  scalbnl                              
00002319  vsnprintf                            
00002645  wcslen                               


GLOBAL SYMBOLS: SORTED BY Symbol Address 

address   name                                 
-------   ----                                 
00000000  __TI_ATRegion0_region_sz             
00000000  __TI_ATRegion0_src_addr              
00000000  __TI_ATRegion0_trg_addr              
00000000  __TI_ATRegion1_region_sz             
00000000  __TI_ATRegion1_src_addr              
00000000  __TI_ATRegion1_trg_addr              
00000000  __TI_ATRegion2_region_sz             
00000000  __TI_ATRegion2_src_addr              
00000000  __TI_ATRegion2_trg_addr              
00000000  __TI_static_base__                   
00000000  interruptVectors                     
000000c1  __TI_printfi                         
00000200  __STACK_SIZE                         
00000e8d  main                                 
00001061  __aeabi_dsub                         
00001061  __subdf3                             
0000106b  __adddf3                             
0000106b  __aeabi_dadd                         
000011f3  ADC0_IRQHandler                      
000011f3  ADC1_IRQHandler                      
000011f3  AES_IRQHandler                       
000011f3  CANFD0_IRQHandler                    
000011f3  DAC0_IRQHandler                      
000011f3  DMA_IRQHandler                       
000011f3  Default_Handler                      
000011f3  GROUP0_IRQHandler                    
000011f3  GROUP1_IRQHandler                    
000011f3  HardFault_Handler                    
000011f3  I2C0_IRQHandler                      
000011f3  I2C1_IRQHandler                      
000011f3  NMI_Handler                          
000011f3  PendSV_Handler                       
000011f3  RTC_IRQHandler                       
000011f3  SPI0_IRQHandler                      
000011f3  SPI1_IRQHandler                      
000011f3  SVC_Handler                          
000011f3  SysTick_Handler                      
000011f3  TIMA0_IRQHandler                     
000011f3  TIMA1_IRQHandler                     
000011f3  TIMG0_IRQHandler                     
000011f3  TIMG12_IRQHandler                    
000011f3  TIMG6_IRQHandler                     
000011f3  TIMG7_IRQHandler                     
000011f3  TIMG8_IRQHandler                     
000011f3  UART0_IRQHandler                     
000011f3  UART1_IRQHandler                     
000011f3  UART2_IRQHandler                     
000011f3  UART3_IRQHandler                     
00001451  __aeabi_ddiv                         
00001451  __divdf3                             
0000155d  DL_Timer_initFourCCPWMMode           
00001661  __aeabi_dmul                         
00001661  __muldf3                             
00001745  DL_SYSCTL_configSYSPLL               
00001821  ldexp                                
00001821  ldexpl                               
00001821  scalbn                               
00001821  scalbnl                              
000018f9  __udivmoddi4                         
0000199b  memcpy                               
00001a35  SYSCFG_DL_PWM_0_init                 
00001ac9  __TI_decompress_lzss                 
00001b45  __gedf2                              
00001b45  __gtdf2                              
00001bb9  __cmpdf2                             
00001bb9  __eqdf2                              
00001bb9  __ledf2                              
00001bb9  __ltdf2                              
00001bb9  __nedf2                              
00001c21  lc_printf                            
00001cef  __aeabi_idiv0                        
00001cf1  DL_SYSCTL_setHFCLKSourceHFXTParams   
00001d55  SYSCFG_DL_SYSCTL_init                
00001db9  __aeabi_dcmpeq                       
00001dcd  __aeabi_dcmplt                       
00001de1  __aeabi_dcmple                       
00001df5  __aeabi_dcmpge                       
00001e09  __aeabi_dcmpgt                       
00001e1b  memset                               
00001e7d  SYSCFG_DL_GPIO_init                  
00001edd  SYSCFG_DL_UART_0_init                
00001f3d  frexp                                
00001f3d  frexpl                               
00001f99  __TI_ltoa                            
00002049  __aeabi_idiv                         
00002049  __aeabi_idivmod                      
000020f1  __aeabi_d2iz                         
000020f1  __fixdfsi                            
0000213b  __aeabi_ldiv0                        
0000213d  AO_Control                           
00002185  BO_Control                           
000021cd  DL_UART_init                         
00002215  DL_SYSCTL_switchMCLKfromSYSOSCtoHSCLK
00002259  SYSCFG_DL_initPower                  
00002299  __aeabi_uidiv                        
00002299  __aeabi_uidivmod                     
000022d9  atoi                                 
00002319  vsnprintf                            
00002359  __TI_auto_init_nobinit_nopinit       
00002395  __muldsi3                            
00002431  __aeabi_i2d                          
00002431  __floatsidf                          
0000245d  SYSCFG_DL_SYSCTL_CLK_init            
00002485  SYSCFG_DL_init                       
000024ad  _c_int00_noargs                      
000024d5  __aeabi_lmul                         
000024d5  __muldi3                             
000024f9  memccpy                              
0000251d  __aeabi_llsl                         
0000251d  __ashldi3                            
0000253d  DL_Timer_setCaptCompUpdateMethod     
00002559  DL_Timer_setClockConfig              
00002575  TB6612_Motor_Stop                    
00002591  DL_Timer_setCaptureCompareOutCtl     
000025c1  __TI_zero_init_nomemset              
000025d9  __aeabi_uldivmod                     
00002601  DL_UART_setClockConfig               
00002613  __TI_decompress_none                 
00002625  DL_Timer_setCaptureCompareValue      
00002635  delay_ms                             
00002645  wcslen                               
00002655  __aeabi_memset                       
00002655  __aeabi_memset4                      
00002655  __aeabi_memset8                      
00002671  __aeabi_memclr                       
00002671  __aeabi_memclr4                      
00002671  __aeabi_memclr8                      
0000267d  DL_Common_delayCycles                
000026ad  __aeabi_errno_addr                   
000026b5  __aeabi_memcpy                       
000026b5  __aeabi_memcpy4                      
000026b5  __aeabi_memcpy8                      
000026bd  abort                                
000026c2  C$$EXIT                              
000026c3  HOSTexit                             
000026c7  Reset_Handler                        
000026cb  _system_pre_init                     
000026d0  __aeabi_ctype_table_                 
000026d0  __aeabi_ctype_table_C                
000028a0  __TI_Handler_Table_Base              
000028ac  __TI_Handler_Table_Limit             
000028bc  __TI_CINIT_Base                      
000028cc  __TI_CINIT_Limit                     
000028cc  __TI_CINIT_Warm                      
20200000  __start___llvm_prf_bits              
20200000  __start___llvm_prf_cnts              
20200000  __stop___llvm_prf_bits               
20200000  __stop___llvm_prf_cnts               
20200000  gPWM_0Backup                         
202000bc  __aeabi_errno                        
20207e00  __stack                              
20208000  __STACK_END                          
ffffffff  __TI_pprof_out_hndl                  
ffffffff  __TI_prof_data_size                  
ffffffff  __TI_prof_data_start                 
ffffffff  __binit__                            
ffffffff  binit                                
UNDEFED   __mpu_init                           
UNDEFED   _system_post_cinit                   

[159 symbols]
