******************************************************************************
            TI ARM Clang Linker PC v4.0.3                      
******************************************************************************
>> Linked Thu Jul 31 14:39:53 2025

OUTPUT FILE NAME:   <TRY.out>
ENTRY POINT SYMBOL: "_c_int00_noargs"  address: 000026cd


MEMORY CONFIGURATION

         name            origin    length      used     unused   attr    fill
----------------------  --------  ---------  --------  --------  ----  --------
  FLASH                 00000000   00020000  00002b20  0001d4e0  R  X
  SRAM                  20200000   00008000  000002dd  00007d23  RW X
  BCR_CONFIG            41c00000   000000ff  00000000  000000ff  R   
  BSL_CONFIG            41c00100   00000080  00000000  00000080  R   


SEGMENT ALLOCATION MAP

run origin  load origin   length   init length attrs members
----------  ----------- ---------- ----------- ----- -------
00000000    00000000    00002b20   00002b20    r-x
  00000000    00000000    000000c0   000000c0    r-- .intvecs
  000000c0    000000c0    00002890   00002890    r-x .text
  00002950    00002950    000001a0   000001a0    r-- .rodata
  00002af0    00002af0    00000030   00000030    r-- .cinit
20200000    20200000    000000dd   00000000    rw-
  20200000    20200000    000000bc   00000000    rw- .bss
  202000bc    202000bc    00000021   00000000    rw- .data
20207e00    20207e00    00000200   00000000    rw-
  20207e00    20207e00    00000200   00000000    rw- .stack


SECTION ALLOCATION MAP

 output                                  attributes/
section   page    origin      length       input sections
--------  ----  ----------  ----------   ----------------
.intvecs   0    00000000    000000c0     
                  00000000    000000c0     startup_mspm0g350x_ticlang.o (.intvecs)

.text      0    000000c0    00002890     
                  000000c0    000009d0     libc.a : _printfi.c.obj (.text:__TI_printfi)
                  00000a90    00000238     empty.o (.text.main)
                  00000cc8    00000220     libc.a : _printfi.c.obj (.text._pconv_a)
                  00000ee8    000001dc            : _printfi.c.obj (.text._pconv_g)
                  000010c4    00000192     libclang_rt.builtins.a : adddf3.S.obj (.text.adddf3_subdf3)
                  00001256    00000002     startup_mspm0g350x_ticlang.o (.text.Default_Handler)
                  00001258    0000013c     libc.a : _printfi.c.obj (.text.fcvt)
                  00001394    00000120            : _printfi.c.obj (.text._pconv_e)
                  000014b4    0000010c     libclang_rt.builtins.a : divdf3.S.obj (.text.__divdf3)
                  000015c0    00000104     driverlib.a : dl_timer.o (.text.DL_Timer_initFourCCPWMMode)
                  000016c4    000000e8                 : dl_timer.o (.text.DL_Timer_initTimerMode)
                  000017ac    000000e4     libclang_rt.builtins.a : muldf3.S.obj (.text.__muldf3)
                  00001890    000000dc     driverlib.a : dl_sysctl_mspm0g1x0x_g3x0x.o (.text.DL_SYSCTL_configSYSPLL)
                  0000196c    000000d8     libc.a : s_scalbn.c.obj (.text.scalbn)
                  00001a44    000000c4     ti_msp_dl_config.o (.text.SYSCFG_DL_GPIO_init)
                  00001b08    000000a2     libclang_rt.builtins.a : udivmoddi4.S.obj (.text)
                  00001baa    0000009a     libc.a : memcpy16.S.obj (.text:memcpy)
                  00001c44    00000094     ti_msp_dl_config.o (.text.SYSCFG_DL_PWM_0_init)
                  00001cd8    0000007c     libc.a : copy_decompress_lzss.c.obj (.text:decompress:lzss)
                  00001d54    00000074     libclang_rt.builtins.a : comparedf2.c.obj (.text.__gedf2)
                  00001dc8    00000068                            : comparedf2.c.obj (.text.__ledf2)
                  00001e30    00000068     board.o (.text.lc_printf)
                  00001e98    00000066     libc.a : _printfi.c.obj (.text._mcpy)
                  00001efe    00000002     libclang_rt.builtins.a : aeabi_div0.c.obj (.text.__aeabi_idiv0)
                  00001f00    00000064     driverlib.a : dl_sysctl_mspm0g1x0x_g3x0x.o (.text.DL_SYSCTL_setHFCLKSourceHFXTParams)
                  00001f64    00000064     ti_msp_dl_config.o (.text.SYSCFG_DL_SYSCTL_init)
                  00001fc8    00000064     bsp_tb6612.o (.text.car_forward)
                  0000202c    00000062     libclang_rt.builtins.a : aeabi_dcmp.S.obj (.text.__aeabi_dcmp)
                  0000208e    00000062     libc.a : memset16.S.obj (.text:memset)
                  000020f0    00000060     ti_msp_dl_config.o (.text.SYSCFG_DL_UART_0_init)
                  00002150    0000005c     libc.a : s_frexp.c.obj (.text.frexp)
                  000021ac    00000058            : _ltoa.c.obj (.text.__TI_ltoa)
                  00002204    00000058            : _printfi.c.obj (.text._pconv_f)
                  0000225c    00000058     bsp_tb6612.o (.text.car_left)
                  000022b4    00000056     libclang_rt.builtins.a : aeabi_idivmod.S.obj (.text.__aeabi_idivmod)
                  0000230a    00000052     libc.a : _printfi.c.obj (.text._ecpy)
                  0000235c    0000004a     libclang_rt.builtins.a : fixdfsi.S.obj (.text.__fixdfsi)
                  000023a6    00000002                            : aeabi_div0.c.obj (.text.__aeabi_ldiv0)
                  000023a8    00000048     driverlib.a : dl_uart.o (.text.DL_UART_init)
                  000023f0    00000048     ti_msp_dl_config.o (.text.SYSCFG_DL_initPower)
                  00002438    00000044     driverlib.a : dl_sysctl_mspm0g1x0x_g3x0x.o (.text.DL_SYSCTL_switchMCLKfromSYSOSCtoHSCLK)
                  0000247c    00000040     libclang_rt.builtins.a : aeabi_uidivmod.S.obj (.text.__aeabi_uidivmod)
                  000024bc    00000040     libc.a : atoi.c.obj (.text.atoi)
                  000024fc    00000040            : vsnprintf.c.obj (.text.vsnprintf)
                  0000253c    0000003c            : autoinit.c.obj (.text:__TI_auto_init_nobinit_nopinit)
                  00002578    0000003a     libclang_rt.builtins.a : muldsi3.S.obj (.text.__muldsi3)
                  000025b2    00000002     --HOLE-- [fill = 0]
                  000025b4    00000038     ti_msp_dl_config.o (.text.SYSCFG_DL_TIMER_0_init)
                  000025ec    00000030     libc.a : _printfi.c.obj (.text._fcpy)
                  0000261c    00000030            : vsnprintf.c.obj (.text._outs)
                  0000264c    0000002c     ti_msp_dl_config.o (.text.SYSCFG_DL_init)
                  00002678    0000002c     libclang_rt.builtins.a : floatsidf.S.obj (.text.__floatsidf)
                  000026a4    00000028     ti_msp_dl_config.o (.text.SYSCFG_DL_SYSCTL_CLK_init)
                  000026cc    00000028     libc.a : boot_cortex_m.c.obj (.text:_c_int00_noargs)
                  000026f4    00000024     libclang_rt.builtins.a : muldi3.S.obj (.text.__muldi3)
                  00002718    00000022     libc.a : memccpy.c.obj (.text.memccpy)
                  0000273a    00000002     --HOLE-- [fill = 0]
                  0000273c    0000001e     libclang_rt.builtins.a : ashldi3.S.obj (.text.__ashldi3)
                  0000275a    00000002     --HOLE-- [fill = 0]
                  0000275c    0000001c     driverlib.a : dl_timer.o (.text.DL_Timer_setCaptCompUpdateMethod)
                  00002778    0000001c                 : dl_timer.o (.text.DL_Timer_setClockConfig)
                  00002794    0000001c     bsp_tb6612.o (.text.TB6612_Motor_Stop)
                  000027b0    00000018     driverlib.a : dl_timer.o (.text.DL_Timer_setCaptureCompareOutCtl)
                  000027c8    00000018     libc.a : vsnprintf.c.obj (.text._outc)
                  000027e0    00000016            : copy_zero_init.c.obj (.text:decompress:ZI:__TI_zero_init_nomemset)
                  000027f6    00000002     --HOLE-- [fill = 0]
                  000027f8    00000014     libclang_rt.builtins.a : aeabi_uldivmod.S.obj (.text.__aeabi_uldivmod)
                  0000280c    00000014     libc.a : _printfi.c.obj (.text.strchr)
                  00002820    00000012     driverlib.a : dl_uart.o (.text.DL_UART_setClockConfig)
                  00002832    00000012     libc.a : copy_decompress_none.c.obj (.text:decompress:none)
                  00002844    00000010     driverlib.a : dl_timer.o (.text.DL_Timer_setCaptureCompareValue)
                  00002854    00000010     board.o (.text.delay_ms)
                  00002864    00000010     bsp_tb6612.o (.text.sensor_A_judge)
                  00002874    00000010     bsp_tb6612.o (.text.sensor_B_judge)
                  00002884    00000010     bsp_tb6612.o (.text.sensor_C_judge)
                  00002894    00000010     bsp_tb6612.o (.text.sensor_D_judge)
                  000028a4    00000010     bsp_tb6612.o (.text.sensor_L_judge)
                  000028b4    00000010     bsp_tb6612.o (.text.sensor_R_judge)
                  000028c4    00000010     libc.a : wcslen.c.obj (.text.wcslen)
                  000028d4    0000000e     libclang_rt.builtins.a : aeabi_memset.S.obj (.text.__aeabi_memset)
                  000028e2    0000000e     libc.a : _printfi.c.obj (.text.strlen)
                  000028f0    0000000c     libclang_rt.builtins.a : aeabi_memset.S.obj (.text.__aeabi_memclr)
                  000028fc    0000000a     driverlib.a : dl_common.o (.text.DL_Common_delayCycles)
                  00002906    0000000a     libc.a : _printfi.c.obj (.text.OUTLINED_FUNCTION_0)
                  00002910    00000010     libclang_rt.builtins.a : adddf3.S.obj (.tramp.__aeabi_dsub.1)
                  00002920    0000000a     libc.a : _printfi.c.obj (.text.OUTLINED_FUNCTION_1)
                  0000292a    00000002     --HOLE-- [fill = 0]
                  0000292c    00000008            : aeabi_portable.c.obj (.text.__aeabi_errno_addr)
                  00002934    00000008     libclang_rt.builtins.a : aeabi_memcpy.S.obj (.text.__aeabi_memcpy)
                  0000293c    00000006     libc.a : exit.c.obj (.text:abort)
                  00002942    00000004     libsysbm.a : hostexit.c.obj (.text.HOSTexit)
                  00002946    00000004     startup_mspm0g350x_ticlang.o (.text.Reset_Handler)
                  0000294a    00000004     libc.a : pre_init.c.obj (.text._system_pre_init)
                  0000294e    00000002     --HOLE-- [fill = 0]

.cinit     0    00002af0    00000030     
                  00002af0    0000000c     (__TI_handler_table)
                  00002afc    00000008     (.cinit..bss.load) [load image, compression = zero_init]
                  00002b04    00000008     (.cinit..data.load) [load image, compression = lzss]
                  00002b0c    00000010     (__TI_cinit_table)
                  00002b1c    00000004     --HOLE-- [fill = 0]

.rodata    0    00002950    000001a0     
                  00002950    00000101     libc.a : aeabi_ctype.S.obj (.rodata:__aeabi_ctype_table_)
                  00002a51    00000003     ti_msp_dl_config.o (.rodata.gPWM_0ClockConfig)
                  00002a54    00000028     ti_msp_dl_config.o (.rodata.gSYSPLLConfig)
                  00002a7c    00000021     bsp_tb6612.o (.rodata.str1.15091695396400935675.1)
                  00002a9d    00000003     ti_msp_dl_config.o (.rodata.gTIMER_0ClockConfig)
                  00002aa0    00000014     ti_msp_dl_config.o (.rodata.gTIMER_0TimerConfig)
                  00002ab4    00000011     libc.a : _printfi.c.obj (.rodata.str1.10348868589481759720.1)
                  00002ac5    00000011            : _printfi.c.obj (.rodata.str1.15363888844622738466.1)
                  00002ad6    0000000a     ti_msp_dl_config.o (.rodata.gUART_0Config)
                  00002ae0    00000008     ti_msp_dl_config.o (.rodata.gPWM_0Config)
                  00002ae8    00000002     ti_msp_dl_config.o (.rodata.gUART_0ClockConfig)
                  00002aea    00000006     --HOLE-- [fill = 0]

.init_array 
*          0    00000000    00000000     UNINITIALIZED

.binit     0    00000000    00000000     

.bss       0    20200000    000000bc     UNINITIALIZED
                  20200000    000000bc     (.common:gPWM_0Backup)

.data      0    202000bc    00000021     UNINITIALIZED
                  202000bc    00000004     libc.a : aeabi_portable.c.obj (.data.__aeabi_errno)
                  202000c0    00000004     empty.o (.data.count)
                  202000c4    00000004     empty.o (.data.sensor_A)
                  202000c8    00000004     empty.o (.data.sensor_B)
                  202000cc    00000004     empty.o (.data.sensor_C)
                  202000d0    00000004     empty.o (.data.sensor_D)
                  202000d4    00000004     empty.o (.data.sensor_L)
                  202000d8    00000004     empty.o (.data.sensor_R)
                  202000dc    00000001     empty.o (.data.carState)

.stack     0    20207e00    00000200     UNINITIALIZED
                  20207e00    00000004     libc.a : boot_cortex_m.c.obj (.stack)
                  20207e04    000001fc     --HOLE--

__llvm_prf_cnts 
*          0    20200000    00000000     UNINITIALIZED

__llvm_prf_bits 
*          0    20200000    00000000     UNINITIALIZED

MODULE SUMMARY

       Module                         code    ro data   rw data
       ------                         ----    -------   -------
    .\
       ti_msp_dl_config.o             752     86        188    
       empty.o                        568     0         29     
       startup_mspm0g350x_ticlang.o   6       192       0      
    +--+------------------------------+-------+---------+---------+
       Total:                         1326    278       217    
                                                               
    .\BSP\src\
       bsp_tb6612.o                   312     33        0      
    +--+------------------------------+-------+---------+---------+
       Total:                         312     33        0      
                                                               
    .\Board\
       board.o                        120     0         0      
    +--+------------------------------+-------+---------+---------+
       Total:                         120     0         0      
                                                               
    D:/Software/Electronic/ti/ccs2020/mspm0_sdk_2_05_01_00/source/ti/driverlib/lib/ticlang/m0p/mspm0g1x0x_g3x0x/driverlib.a
       dl_timer.o                     588     0         0      
       dl_sysctl_mspm0g1x0x_g3x0x.o   388     0         0      
       dl_uart.o                      90      0         0      
       dl_common.o                    10      0         0      
    +--+------------------------------+-------+---------+---------+
       Total:                         1076    0         0      
                                                               
    D:\Software\Electronic\ti\ccs2020\ccs\tools\compiler\ti-cgt-armllvm_4.0.3.LTS\lib\armv6m-ti-none-eabi/c/libc.a
       _printfi.c.obj                 4510    34        0      
       aeabi_ctype.S.obj              0       257       0      
       s_scalbn.c.obj                 216     0         0      
       memcpy16.S.obj                 154     0         0      
       vsnprintf.c.obj                136     0         0      
       copy_decompress_lzss.c.obj     124     0         0      
       memset16.S.obj                 98      0         0      
       s_frexp.c.obj                  92      0         0      
       _ltoa.c.obj                    88      0         0      
       atoi.c.obj                     64      0         0      
       autoinit.c.obj                 60      0         0      
       boot_cortex_m.c.obj            40      0         0      
       memccpy.c.obj                  34      0         0      
       copy_zero_init.c.obj           22      0         0      
       copy_decompress_none.c.obj     18      0         0      
       wcslen.c.obj                   16      0         0      
       aeabi_portable.c.obj           8       0         4      
       exit.c.obj                     6       0         0      
       pre_init.c.obj                 4       0         0      
    +--+------------------------------+-------+---------+---------+
       Total:                         5690    291       4      
                                                               
    D:\Software\Electronic\ti\ccs2020\ccs\tools\compiler\ti-cgt-armllvm_4.0.3.LTS\lib\armv6m-ti-none-eabi/c/libsysbm.a
       hostexit.c.obj                 4       0         0      
    +--+------------------------------+-------+---------+---------+
       Total:                         4       0         0      
                                                               
    D:\Software\Electronic\ti\ccs2020\ccs\tools\compiler\ti-cgt-armllvm_4.0.3.LTS\lib\armv6m-ti-none-eabi/libclang_rt.builtins.a
       adddf3.S.obj                   418     0         0      
       divdf3.S.obj                   268     0         0      
       muldf3.S.obj                   228     0         0      
       comparedf2.c.obj               220     0         0      
       udivmoddi4.S.obj               162     0         0      
       aeabi_dcmp.S.obj               98      0         0      
       aeabi_idivmod.S.obj            86      0         0      
       fixdfsi.S.obj                  74      0         0      
       aeabi_uidivmod.S.obj           64      0         0      
       muldsi3.S.obj                  58      0         0      
       floatsidf.S.obj                44      0         0      
       muldi3.S.obj                   36      0         0      
       ashldi3.S.obj                  30      0         0      
       aeabi_memset.S.obj             26      0         0      
       aeabi_uldivmod.S.obj           20      0         0      
       aeabi_memcpy.S.obj             8       0         0      
       aeabi_div0.c.obj               4       0         0      
    +--+------------------------------+-------+---------+---------+
       Total:                         1844    0         0      
                                                               
       Stack:                         0       0         512    
       Linker Generated:              0       44        0      
    +--+------------------------------+-------+---------+---------+
       Grand Total:                   10372   646       733    


LINKER GENERATED COPY TABLES

__TI_cinit_table @ 00002b0c records: 2, size/record: 8, table size: 16
	.bss: load addr=00002afc, load size=00000008 bytes, run addr=20200000, run size=000000bc bytes, compression=zero_init
	.data: load addr=00002b04, load size=00000008 bytes, run addr=202000bc, run size=00000021 bytes, compression=lzss


LINKER GENERATED HANDLER TABLE

__TI_handler_table @ 00002af0 records: 3, size/record: 4, table size: 12
	index: 0, handler: __TI_decompress_lzss
	index: 1, handler: __TI_decompress_none
	index: 2, handler: __TI_zero_init


FAR CALL TRAMPOLINES

callee name               trampoline name
   callee addr  tramp addr   call addr  call info
--------------  -----------  ---------  ----------------
__aeabi_dsub              $Tramp$TT$L$PI$$__aeabi_dsub
   000010c5     00002910     0000290e   libc.a : _printfi.c.obj (.text.OUTLINED_FUNCTION_0)

[1 trampolines]
[1 trampoline calls]


GLOBAL SYMBOLS: SORTED ALPHABETICALLY BY Name 

address   name                                 
-------   ----                                 
00001257  ADC0_IRQHandler                      
00001257  ADC1_IRQHandler                      
00001257  AES_IRQHandler                       
00002942  C$$EXIT                              
00001257  CANFD0_IRQHandler                    
00001257  DAC0_IRQHandler                      
000028fd  DL_Common_delayCycles                
00001891  DL_SYSCTL_configSYSPLL               
00001f01  DL_SYSCTL_setHFCLKSourceHFXTParams   
00002439  DL_SYSCTL_switchMCLKfromSYSOSCtoHSCLK
000015c1  DL_Timer_initFourCCPWMMode           
000016c5  DL_Timer_initTimerMode               
0000275d  DL_Timer_setCaptCompUpdateMethod     
000027b1  DL_Timer_setCaptureCompareOutCtl     
00002845  DL_Timer_setCaptureCompareValue      
00002779  DL_Timer_setClockConfig              
000023a9  DL_UART_init                         
00002821  DL_UART_setClockConfig               
00001257  DMA_IRQHandler                       
00001257  Default_Handler                      
00001257  GROUP0_IRQHandler                    
00001257  GROUP1_IRQHandler                    
00002943  HOSTexit                             
00001257  HardFault_Handler                    
00001257  I2C0_IRQHandler                      
00001257  I2C1_IRQHandler                      
00001257  NMI_Handler                          
00001257  PendSV_Handler                       
00001257  RTC_IRQHandler                       
00002947  Reset_Handler                        
00001257  SPI0_IRQHandler                      
00001257  SPI1_IRQHandler                      
00001257  SVC_Handler                          
00001a45  SYSCFG_DL_GPIO_init                  
00001c45  SYSCFG_DL_PWM_0_init                 
000026a5  SYSCFG_DL_SYSCTL_CLK_init            
00001f65  SYSCFG_DL_SYSCTL_init                
000025b5  SYSCFG_DL_TIMER_0_init               
000020f1  SYSCFG_DL_UART_0_init                
0000264d  SYSCFG_DL_init                       
000023f1  SYSCFG_DL_initPower                  
00001257  SysTick_Handler                      
00002795  TB6612_Motor_Stop                    
00001257  TIMA0_IRQHandler                     
00001257  TIMA1_IRQHandler                     
00001257  TIMG0_IRQHandler                     
00001257  TIMG12_IRQHandler                    
00001257  TIMG6_IRQHandler                     
00001257  TIMG7_IRQHandler                     
00001257  TIMG8_IRQHandler                     
00001257  UART0_IRQHandler                     
00001257  UART1_IRQHandler                     
00001257  UART2_IRQHandler                     
00001257  UART3_IRQHandler                     
20208000  __STACK_END                          
00000200  __STACK_SIZE                         
00000000  __TI_ATRegion0_region_sz             
00000000  __TI_ATRegion0_src_addr              
00000000  __TI_ATRegion0_trg_addr              
00000000  __TI_ATRegion1_region_sz             
00000000  __TI_ATRegion1_src_addr              
00000000  __TI_ATRegion1_trg_addr              
00000000  __TI_ATRegion2_region_sz             
00000000  __TI_ATRegion2_src_addr              
00000000  __TI_ATRegion2_trg_addr              
00002b0c  __TI_CINIT_Base                      
00002b1c  __TI_CINIT_Limit                     
00002b1c  __TI_CINIT_Warm                      
00002af0  __TI_Handler_Table_Base              
00002afc  __TI_Handler_Table_Limit             
0000253d  __TI_auto_init_nobinit_nopinit       
00001cd9  __TI_decompress_lzss                 
00002833  __TI_decompress_none                 
000021ad  __TI_ltoa                            
ffffffff  __TI_pprof_out_hndl                  
000000c1  __TI_printfi                         
ffffffff  __TI_prof_data_size                  
ffffffff  __TI_prof_data_start                 
00000000  __TI_static_base__                   
000027e1  __TI_zero_init_nomemset              
000010cf  __adddf3                             
00002950  __aeabi_ctype_table_                 
00002950  __aeabi_ctype_table_C                
0000235d  __aeabi_d2iz                         
000010cf  __aeabi_dadd                         
0000202d  __aeabi_dcmpeq                       
00002069  __aeabi_dcmpge                       
0000207d  __aeabi_dcmpgt                       
00002055  __aeabi_dcmple                       
00002041  __aeabi_dcmplt                       
000014b5  __aeabi_ddiv                         
000017ad  __aeabi_dmul                         
000010c5  __aeabi_dsub                         
202000bc  __aeabi_errno                        
0000292d  __aeabi_errno_addr                   
00002679  __aeabi_i2d                          
000022b5  __aeabi_idiv                         
00001eff  __aeabi_idiv0                        
000022b5  __aeabi_idivmod                      
000023a7  __aeabi_ldiv0                        
0000273d  __aeabi_llsl                         
000026f5  __aeabi_lmul                         
000028f1  __aeabi_memclr                       
000028f1  __aeabi_memclr4                      
000028f1  __aeabi_memclr8                      
00002935  __aeabi_memcpy                       
00002935  __aeabi_memcpy4                      
00002935  __aeabi_memcpy8                      
000028d5  __aeabi_memset                       
000028d5  __aeabi_memset4                      
000028d5  __aeabi_memset8                      
0000247d  __aeabi_uidiv                        
0000247d  __aeabi_uidivmod                     
000027f9  __aeabi_uldivmod                     
0000273d  __ashldi3                            
ffffffff  __binit__                            
00001dc9  __cmpdf2                             
000014b5  __divdf3                             
00001dc9  __eqdf2                              
0000235d  __fixdfsi                            
00002679  __floatsidf                          
00001d55  __gedf2                              
00001d55  __gtdf2                              
00001dc9  __ledf2                              
00001dc9  __ltdf2                              
UNDEFED   __mpu_init                           
000017ad  __muldf3                             
000026f5  __muldi3                             
00002579  __muldsi3                            
00001dc9  __nedf2                              
20207e00  __stack                              
20200000  __start___llvm_prf_bits              
20200000  __start___llvm_prf_cnts              
20200000  __stop___llvm_prf_bits               
20200000  __stop___llvm_prf_cnts               
000010c5  __subdf3                             
00001b09  __udivmoddi4                         
000026cd  _c_int00_noargs                      
UNDEFED   _system_post_cinit                   
0000294b  _system_pre_init                     
0000293d  abort                                
000024bd  atoi                                 
ffffffff  binit                                
202000dc  carState                             
00001fc9  car_forward                          
0000225d  car_left                             
202000c0  count                                
00002855  delay_ms                             
00002151  frexp                                
00002151  frexpl                               
20200000  gPWM_0Backup                         
00000000  interruptVectors                     
00001e31  lc_printf                            
0000196d  ldexp                                
0000196d  ldexpl                               
00000a91  main                                 
00002719  memccpy                              
00001bab  memcpy                               
0000208f  memset                               
0000196d  scalbn                               
0000196d  scalbnl                              
202000c4  sensor_A                             
00002865  sensor_A_judge                       
202000c8  sensor_B                             
00002875  sensor_B_judge                       
202000cc  sensor_C                             
00002885  sensor_C_judge                       
202000d0  sensor_D                             
00002895  sensor_D_judge                       
202000d4  sensor_L                             
000028a5  sensor_L_judge                       
202000d8  sensor_R                             
000028b5  sensor_R_judge                       
000024fd  vsnprintf                            
000028c5  wcslen                               


GLOBAL SYMBOLS: SORTED BY Symbol Address 

address   name                                 
-------   ----                                 
00000000  __TI_ATRegion0_region_sz             
00000000  __TI_ATRegion0_src_addr              
00000000  __TI_ATRegion0_trg_addr              
00000000  __TI_ATRegion1_region_sz             
00000000  __TI_ATRegion1_src_addr              
00000000  __TI_ATRegion1_trg_addr              
00000000  __TI_ATRegion2_region_sz             
00000000  __TI_ATRegion2_src_addr              
00000000  __TI_ATRegion2_trg_addr              
00000000  __TI_static_base__                   
00000000  interruptVectors                     
000000c1  __TI_printfi                         
00000200  __STACK_SIZE                         
00000a91  main                                 
000010c5  __aeabi_dsub                         
000010c5  __subdf3                             
000010cf  __adddf3                             
000010cf  __aeabi_dadd                         
00001257  ADC0_IRQHandler                      
00001257  ADC1_IRQHandler                      
00001257  AES_IRQHandler                       
00001257  CANFD0_IRQHandler                    
00001257  DAC0_IRQHandler                      
00001257  DMA_IRQHandler                       
00001257  Default_Handler                      
00001257  GROUP0_IRQHandler                    
00001257  GROUP1_IRQHandler                    
00001257  HardFault_Handler                    
00001257  I2C0_IRQHandler                      
00001257  I2C1_IRQHandler                      
00001257  NMI_Handler                          
00001257  PendSV_Handler                       
00001257  RTC_IRQHandler                       
00001257  SPI0_IRQHandler                      
00001257  SPI1_IRQHandler                      
00001257  SVC_Handler                          
00001257  SysTick_Handler                      
00001257  TIMA0_IRQHandler                     
00001257  TIMA1_IRQHandler                     
00001257  TIMG0_IRQHandler                     
00001257  TIMG12_IRQHandler                    
00001257  TIMG6_IRQHandler                     
00001257  TIMG7_IRQHandler                     
00001257  TIMG8_IRQHandler                     
00001257  UART0_IRQHandler                     
00001257  UART1_IRQHandler                     
00001257  UART2_IRQHandler                     
00001257  UART3_IRQHandler                     
000014b5  __aeabi_ddiv                         
000014b5  __divdf3                             
000015c1  DL_Timer_initFourCCPWMMode           
000016c5  DL_Timer_initTimerMode               
000017ad  __aeabi_dmul                         
000017ad  __muldf3                             
00001891  DL_SYSCTL_configSYSPLL               
0000196d  ldexp                                
0000196d  ldexpl                               
0000196d  scalbn                               
0000196d  scalbnl                              
00001a45  SYSCFG_DL_GPIO_init                  
00001b09  __udivmoddi4                         
00001bab  memcpy                               
00001c45  SYSCFG_DL_PWM_0_init                 
00001cd9  __TI_decompress_lzss                 
00001d55  __gedf2                              
00001d55  __gtdf2                              
00001dc9  __cmpdf2                             
00001dc9  __eqdf2                              
00001dc9  __ledf2                              
00001dc9  __ltdf2                              
00001dc9  __nedf2                              
00001e31  lc_printf                            
00001eff  __aeabi_idiv0                        
00001f01  DL_SYSCTL_setHFCLKSourceHFXTParams   
00001f65  SYSCFG_DL_SYSCTL_init                
00001fc9  car_forward                          
0000202d  __aeabi_dcmpeq                       
00002041  __aeabi_dcmplt                       
00002055  __aeabi_dcmple                       
00002069  __aeabi_dcmpge                       
0000207d  __aeabi_dcmpgt                       
0000208f  memset                               
000020f1  SYSCFG_DL_UART_0_init                
00002151  frexp                                
00002151  frexpl                               
000021ad  __TI_ltoa                            
0000225d  car_left                             
000022b5  __aeabi_idiv                         
000022b5  __aeabi_idivmod                      
0000235d  __aeabi_d2iz                         
0000235d  __fixdfsi                            
000023a7  __aeabi_ldiv0                        
000023a9  DL_UART_init                         
000023f1  SYSCFG_DL_initPower                  
00002439  DL_SYSCTL_switchMCLKfromSYSOSCtoHSCLK
0000247d  __aeabi_uidiv                        
0000247d  __aeabi_uidivmod                     
000024bd  atoi                                 
000024fd  vsnprintf                            
0000253d  __TI_auto_init_nobinit_nopinit       
00002579  __muldsi3                            
000025b5  SYSCFG_DL_TIMER_0_init               
0000264d  SYSCFG_DL_init                       
00002679  __aeabi_i2d                          
00002679  __floatsidf                          
000026a5  SYSCFG_DL_SYSCTL_CLK_init            
000026cd  _c_int00_noargs                      
000026f5  __aeabi_lmul                         
000026f5  __muldi3                             
00002719  memccpy                              
0000273d  __aeabi_llsl                         
0000273d  __ashldi3                            
0000275d  DL_Timer_setCaptCompUpdateMethod     
00002779  DL_Timer_setClockConfig              
00002795  TB6612_Motor_Stop                    
000027b1  DL_Timer_setCaptureCompareOutCtl     
000027e1  __TI_zero_init_nomemset              
000027f9  __aeabi_uldivmod                     
00002821  DL_UART_setClockConfig               
00002833  __TI_decompress_none                 
00002845  DL_Timer_setCaptureCompareValue      
00002855  delay_ms                             
00002865  sensor_A_judge                       
00002875  sensor_B_judge                       
00002885  sensor_C_judge                       
00002895  sensor_D_judge                       
000028a5  sensor_L_judge                       
000028b5  sensor_R_judge                       
000028c5  wcslen                               
000028d5  __aeabi_memset                       
000028d5  __aeabi_memset4                      
000028d5  __aeabi_memset8                      
000028f1  __aeabi_memclr                       
000028f1  __aeabi_memclr4                      
000028f1  __aeabi_memclr8                      
000028fd  DL_Common_delayCycles                
0000292d  __aeabi_errno_addr                   
00002935  __aeabi_memcpy                       
00002935  __aeabi_memcpy4                      
00002935  __aeabi_memcpy8                      
0000293d  abort                                
00002942  C$$EXIT                              
00002943  HOSTexit                             
00002947  Reset_Handler                        
0000294b  _system_pre_init                     
00002950  __aeabi_ctype_table_                 
00002950  __aeabi_ctype_table_C                
00002af0  __TI_Handler_Table_Base              
00002afc  __TI_Handler_Table_Limit             
00002b0c  __TI_CINIT_Base                      
00002b1c  __TI_CINIT_Limit                     
00002b1c  __TI_CINIT_Warm                      
20200000  __start___llvm_prf_bits              
20200000  __start___llvm_prf_cnts              
20200000  __stop___llvm_prf_bits               
20200000  __stop___llvm_prf_cnts               
20200000  gPWM_0Backup                         
202000bc  __aeabi_errno                        
202000c0  count                                
202000c4  sensor_A                             
202000c8  sensor_B                             
202000cc  sensor_C                             
202000d0  sensor_D                             
202000d4  sensor_L                             
202000d8  sensor_R                             
202000dc  carState                             
20207e00  __stack                              
20208000  __STACK_END                          
ffffffff  __TI_pprof_out_hndl                  
ffffffff  __TI_prof_data_size                  
ffffffff  __TI_prof_data_start                 
ffffffff  __binit__                            
ffffffff  binit                                
UNDEFED   __mpu_init                           
UNDEFED   _system_post_cinit                   

[175 symbols]
