******************************************************************************
            TI ARM Clang Linker PC v4.0.3                      
******************************************************************************
>> Linked Tue Jul 29 17:47:35 2025

OUTPUT FILE NAME:   <Huidu.out>
ENTRY POINT SYMBOL: "_c_int00_noargs"  address: 00000a55


MEMORY CONFIGURATION

         name            origin    length      used     unused   attr    fill
----------------------  --------  ---------  --------  --------  ----  --------
  FLASH                 00000000   00020000  00000c50  0001f3b0  R  X
  SRAM                  20200000   00008000  00000301  00007cff  RW X
  BCR_CONFIG            41c00000   000000ff  00000000  000000ff  R   
  BSL_CONFIG            41c00100   00000080  00000000  00000080  R   


SEGMENT ALLOCATION MAP

run origin  load origin   length   init length attrs members
----------  ----------- ---------- ----------- ----- -------
00000000    00000000    00000c50   00000c50    r-x
  00000000    00000000    000000c0   000000c0    r-- .intvecs
  000000c0    000000c0    00000ae0   00000ae0    r-x .text
  00000ba0    00000ba0    00000080   00000080    r-- .rodata
  00000c20    00000c20    00000030   00000030    r-- .cinit
20200000    20200000    00000101   00000000    rw-
  20200000    20200000    00000100   00000000    rw- .data
  20200100    20200100    00000001   00000000    rw- .bss
20207e00    20207e00    00000200   00000000    rw-
  20207e00    20207e00    00000200   00000000    rw- .stack


SECTION ALLOCATION MAP

 output                                  attributes/
section   page    origin      length       input sections
--------  ----  ----------  ----------   ----------------
.intvecs   0    00000000    000000c0     
                  00000000    000000c0     startup_mspm0g350x_ticlang.o (.intvecs)

.text      0    000000c0    00000ae0     
                  000000c0    00000284     libc.a : _printfi.c.obj (.text:__TI_printfi_minimal)
                  00000344    000000dc     driverlib.a : dl_sysctl_mspm0g1x0x_g3x0x.o (.text.DL_SYSCTL_configSYSPLL)
                  00000420    000000d4     gpio_toggle_output.o (.text.main)
                  000004f4    0000009a     libc.a : memcpy16.S.obj (.text:memcpy)
                  0000058e    00000002     startup_mspm0g350x_ticlang.o (.text.Default_Handler)
                  00000590    00000090     ti_msp_dl_config.o (.text.SYSCFG_DL_SYSCTL_init)
                  00000620    0000007c     libc.a : copy_decompress_lzss.c.obj (.text:decompress:lzss)
                  0000069c    00000064     driverlib.a : dl_sysctl_mspm0g1x0x_g3x0x.o (.text.DL_SYSCTL_setHFCLKSourceHFXTParams)
                  00000700    00000062     libc.a : memset16.S.obj (.text:memset)
                  00000762    00000002     libclang_rt.builtins.a : aeabi_div0.c.obj (.text.__aeabi_idiv0)
                  00000764    00000060     ti_msp_dl_config.o (.text.SYSCFG_DL_UART_0_init)
                  000007c4    00000050     ti_msp_dl_config.o (.text.SYSCFG_DL_ADC1_init)
                  00000814    0000004c     ti_msp_dl_config.o (.text.SYSCFG_DL_GPIO_init)
                  00000860    00000048     driverlib.a : dl_uart.o (.text.DL_UART_init)
                  000008a8    00000044                 : dl_sysctl_mspm0g1x0x_g3x0x.o (.text.DL_SYSCTL_switchMCLKfromSYSOSCtoHSCLK)
                  000008ec    00000040                 : dl_adc12.o (.text.DL_ADC12_setClockConfig)
                  0000092c    00000040     ti_msp_dl_config.o (.text.SYSCFG_DL_initPower)
                  0000096c    00000040     libclang_rt.builtins.a : aeabi_uidivmod.S.obj (.text.__aeabi_uidivmod)
                  000009ac    0000003c     libc.a : autoinit.c.obj (.text:__TI_auto_init_nobinit_nopinit)
                  000009e8    00000038            : sprintf.c.obj (.text.sprintf)
                  00000a20    00000034     Uart.o (.text.uart0_send_string)
                  00000a54    00000028     libc.a : boot_cortex_m.c.obj (.text:_c_int00_noargs)
                  00000a7c    00000022            : memccpy.c.obj (.text.memccpy)
                  00000a9e    00000002     --HOLE-- [fill = 0]
                  00000aa0    0000001c     ti_msp_dl_config.o (.text.SYSCFG_DL_SYSTICK_init)
                  00000abc    0000001c     ti_msp_dl_config.o (.text.SYSCFG_DL_init)
                  00000ad8    00000018     libc.a : sprintf.c.obj (.text._outs)
                  00000af0    00000016            : copy_zero_init.c.obj (.text:decompress:ZI:__TI_zero_init_nomemset)
                  00000b06    00000012     driverlib.a : dl_uart.o (.text.DL_UART_setClockConfig)
                  00000b18    00000012     libc.a : copy_decompress_none.c.obj (.text:decompress:none)
                  00000b2a    00000002     --HOLE-- [fill = 0]
                  00000b2c    00000010     board.o (.text.delay_ms)
                  00000b3c    0000000e     libclang_rt.builtins.a : aeabi_memset.S.obj (.text.__aeabi_memset)
                  00000b4a    0000000e     libc.a : _printfi.c.obj (.text.strlen)
                  00000b58    0000000c     libclang_rt.builtins.a : aeabi_memset.S.obj (.text.__aeabi_memclr)
                  00000b64    0000000c     board.o (.text.delay_1us)
                  00000b70    0000000a     driverlib.a : dl_common.o (.text.DL_Common_delayCycles)
                  00000b7a    0000000a     libc.a : sprintf.c.obj (.text._outc)
                  00000b84    00000008     libclang_rt.builtins.a : aeabi_memcpy.S.obj (.text.__aeabi_memcpy)
                  00000b8c    00000006     libc.a : exit.c.obj (.text:abort)
                  00000b92    00000004     libsysbm.a : hostexit.c.obj (.text.HOSTexit)
                  00000b96    00000004     startup_mspm0g350x_ticlang.o (.text.Reset_Handler)
                  00000b9a    00000004     libc.a : pre_init.c.obj (.text._system_pre_init)
                  00000b9e    00000002     --HOLE-- [fill = 0]

.cinit     0    00000c20    00000030     
                  00000c20    0000000c     (__TI_handler_table)
                  00000c2c    00000009     (.cinit..data.load) [load image, compression = lzss]
                  00000c35    00000003     --HOLE-- [fill = 0]
                  00000c38    00000008     (.cinit..bss.load) [load image, compression = zero_init]
                  00000c40    00000010     (__TI_cinit_table)

.rodata    0    00000ba0    00000080     
                  00000ba0    00000028     ti_msp_dl_config.o (.rodata.gSYSPLLConfig)
                  00000bc8    00000021     gpio_toggle_output.o (.rodata.str1.7293075287338320947.1)
                  00000be9    00000011     libc.a : _printfi.c.obj (.rodata.str1.15363888844622738466.1)
                  00000bfa    00000002     ti_msp_dl_config.o (.rodata.gUART_0ClockConfig)
                  00000bfc    0000000f     gpio_toggle_output.o (.rodata.str1.2745267647703410976.4)
                  00000c0b    00000001     --HOLE-- [fill = 0]
                  00000c0c    0000000a     ti_msp_dl_config.o (.rodata.gUART_0Config)
                  00000c16    00000002     --HOLE-- [fill = 0]
                  00000c18    00000008     ti_msp_dl_config.o (.rodata.gADC1ClockConfig)

.init_array 
*          0    00000000    00000000     UNINITIALIZED

.binit     0    00000000    00000000     

.data      0    20200000    00000100     UNINITIALIZED
                  20200000    00000100     gpio_toggle_output.o (.data.rx_buff)

.bss       0    20200100    00000001     UNINITIALIZED
                  20200100    00000001     (.common:Digtal)

.stack     0    20207e00    00000200     UNINITIALIZED
                  20207e00    00000004     libc.a : boot_cortex_m.c.obj (.stack)
                  20207e04    000001fc     --HOLE--

__llvm_prf_cnts 
*          0    20200000    00000000     UNINITIALIZED

__llvm_prf_bits 
*          0    20200000    00000000     UNINITIALIZED

MODULE SUMMARY

       Module                         code   ro data   rw data
       ------                         ----   -------   -------
    .\
       ti_msp_dl_config.o             516    60        0      
       gpio_toggle_output.o           212    48        257    
       startup_mspm0g350x_ticlang.o   6      192       0      
    +--+------------------------------+------+---------+---------+
       Total:                         734    300       257    
                                                              
    .\BSP\src\
       Uart.o                         52     0         0      
    +--+------------------------------+------+---------+---------+
       Total:                         52     0         0      
                                                              
    .\Board\
       board.o                        28     0         0      
    +--+------------------------------+------+---------+---------+
       Total:                         28     0         0      
                                                              
    E:/Code Composer Studio/mspm0_sdk_2_05_01_00/source/ti/driverlib/lib/ticlang/m0p/mspm0g1x0x_g3x0x/driverlib.a
       dl_sysctl_mspm0g1x0x_g3x0x.o   388    0         0      
       dl_uart.o                      90     0         0      
       dl_adc12.o                     64     0         0      
       dl_common.o                    10     0         0      
    +--+------------------------------+------+---------+---------+
       Total:                         552    0         0      
                                                              
    E:\Code Composer Studio\ccs\tools\compiler\ti-cgt-armllvm_4.0.3.LTS\lib\armv6m-ti-none-eabi/c/libc.a
       _printfi.c.obj                 658    17        0      
       memcpy16.S.obj                 154    0         0      
       copy_decompress_lzss.c.obj     124    0         0      
       memset16.S.obj                 98     0         0      
       sprintf.c.obj                  90     0         0      
       autoinit.c.obj                 60     0         0      
       boot_cortex_m.c.obj            40     0         0      
       memccpy.c.obj                  34     0         0      
       copy_zero_init.c.obj           22     0         0      
       copy_decompress_none.c.obj     18     0         0      
       exit.c.obj                     6      0         0      
       pre_init.c.obj                 4      0         0      
    +--+------------------------------+------+---------+---------+
       Total:                         1308   17        0      
                                                              
    E:\Code Composer Studio\ccs\tools\compiler\ti-cgt-armllvm_4.0.3.LTS\lib\armv6m-ti-none-eabi/c/libsysbm.a
       hostexit.c.obj                 4      0         0      
    +--+------------------------------+------+---------+---------+
       Total:                         4      0         0      
                                                              
    E:\Code Composer Studio\ccs\tools\compiler\ti-cgt-armllvm_4.0.3.LTS\lib\armv6m-ti-none-eabi/libclang_rt.builtins.a
       aeabi_uidivmod.S.obj           64     0         0      
       aeabi_memset.S.obj             26     0         0      
       aeabi_memcpy.S.obj             8      0         0      
       aeabi_div0.c.obj               2      0         0      
    +--+------------------------------+------+---------+---------+
       Total:                         100    0         0      
                                                              
       Stack:                         0      0         512    
       Linker Generated:              0      45        0      
    +--+------------------------------+------+---------+---------+
       Grand Total:                   2778   362       769    


LINKER GENERATED COPY TABLES

__TI_cinit_table @ 00000c40 records: 2, size/record: 8, table size: 16
	.data: load addr=00000c2c, load size=00000009 bytes, run addr=20200000, run size=00000100 bytes, compression=lzss
	.bss: load addr=00000c38, load size=00000008 bytes, run addr=20200100, run size=00000001 bytes, compression=zero_init


LINKER GENERATED HANDLER TABLE

__TI_handler_table @ 00000c20 records: 3, size/record: 4, table size: 12
	index: 0, handler: __TI_decompress_lzss
	index: 1, handler: __TI_decompress_none
	index: 2, handler: __TI_zero_init


GLOBAL SYMBOLS: SORTED ALPHABETICALLY BY Name 

address   name                                 
-------   ----                                 
0000058f  ADC0_IRQHandler                      
0000058f  ADC1_IRQHandler                      
0000058f  AES_IRQHandler                       
00000b92  C$$EXIT                              
0000058f  CANFD0_IRQHandler                    
0000058f  DAC0_IRQHandler                      
000008ed  DL_ADC12_setClockConfig              
00000b71  DL_Common_delayCycles                
00000345  DL_SYSCTL_configSYSPLL               
0000069d  DL_SYSCTL_setHFCLKSourceHFXTParams   
000008a9  DL_SYSCTL_switchMCLKfromSYSOSCtoHSCLK
00000861  DL_UART_init                         
00000b07  DL_UART_setClockConfig               
0000058f  DMA_IRQHandler                       
0000058f  Default_Handler                      
20200100  Digtal                               
0000058f  GROUP0_IRQHandler                    
0000058f  GROUP1_IRQHandler                    
00000b93  HOSTexit                             
0000058f  HardFault_Handler                    
0000058f  I2C0_IRQHandler                      
0000058f  I2C1_IRQHandler                      
0000058f  NMI_Handler                          
0000058f  PendSV_Handler                       
0000058f  RTC_IRQHandler                       
00000b97  Reset_Handler                        
0000058f  SPI0_IRQHandler                      
0000058f  SPI1_IRQHandler                      
0000058f  SVC_Handler                          
000007c5  SYSCFG_DL_ADC1_init                  
00000815  SYSCFG_DL_GPIO_init                  
00000591  SYSCFG_DL_SYSCTL_init                
00000aa1  SYSCFG_DL_SYSTICK_init               
00000765  SYSCFG_DL_UART_0_init                
00000abd  SYSCFG_DL_init                       
0000092d  SYSCFG_DL_initPower                  
0000058f  SysTick_Handler                      
0000058f  TIMA0_IRQHandler                     
0000058f  TIMA1_IRQHandler                     
0000058f  TIMG0_IRQHandler                     
0000058f  TIMG12_IRQHandler                    
0000058f  TIMG6_IRQHandler                     
0000058f  TIMG7_IRQHandler                     
0000058f  TIMG8_IRQHandler                     
0000058f  UART0_IRQHandler                     
0000058f  UART1_IRQHandler                     
0000058f  UART2_IRQHandler                     
0000058f  UART3_IRQHandler                     
20208000  __STACK_END                          
00000200  __STACK_SIZE                         
00000000  __TI_ATRegion0_region_sz             
00000000  __TI_ATRegion0_src_addr              
00000000  __TI_ATRegion0_trg_addr              
00000000  __TI_ATRegion1_region_sz             
00000000  __TI_ATRegion1_src_addr              
00000000  __TI_ATRegion1_trg_addr              
00000000  __TI_ATRegion2_region_sz             
00000000  __TI_ATRegion2_src_addr              
00000000  __TI_ATRegion2_trg_addr              
00000c40  __TI_CINIT_Base                      
00000c50  __TI_CINIT_Limit                     
00000c50  __TI_CINIT_Warm                      
00000c20  __TI_Handler_Table_Base              
00000c2c  __TI_Handler_Table_Limit             
000009ad  __TI_auto_init_nobinit_nopinit       
00000621  __TI_decompress_lzss                 
00000b19  __TI_decompress_none                 
ffffffff  __TI_pprof_out_hndl                  
000000c1  __TI_printfi_minimal                 
ffffffff  __TI_prof_data_size                  
ffffffff  __TI_prof_data_start                 
00000000  __TI_static_base__                   
00000af1  __TI_zero_init_nomemset              
00000763  __aeabi_idiv0                        
00000b59  __aeabi_memclr                       
00000b59  __aeabi_memclr4                      
00000b59  __aeabi_memclr8                      
00000b85  __aeabi_memcpy                       
00000b85  __aeabi_memcpy4                      
00000b85  __aeabi_memcpy8                      
00000b3d  __aeabi_memset                       
00000b3d  __aeabi_memset4                      
00000b3d  __aeabi_memset8                      
0000096d  __aeabi_uidiv                        
0000096d  __aeabi_uidivmod                     
ffffffff  __binit__                            
UNDEFED   __mpu_init                           
20207e00  __stack                              
20200000  __start___llvm_prf_bits              
20200000  __start___llvm_prf_cnts              
20200000  __stop___llvm_prf_bits               
20200000  __stop___llvm_prf_cnts               
00000a55  _c_int00_noargs                      
UNDEFED   _system_post_cinit                   
00000b9b  _system_pre_init                     
00000b8d  abort                                
ffffffff  binit                                
00000b65  delay_1us                            
00000b2d  delay_ms                             
00000000  interruptVectors                     
00000421  main                                 
00000a7d  memccpy                              
000004f5  memcpy                               
00000701  memset                               
20200000  rx_buff                              
000009e9  sprintf                              
00000a21  uart0_send_string                    


GLOBAL SYMBOLS: SORTED BY Symbol Address 

address   name                                 
-------   ----                                 
00000000  __TI_ATRegion0_region_sz             
00000000  __TI_ATRegion0_src_addr              
00000000  __TI_ATRegion0_trg_addr              
00000000  __TI_ATRegion1_region_sz             
00000000  __TI_ATRegion1_src_addr              
00000000  __TI_ATRegion1_trg_addr              
00000000  __TI_ATRegion2_region_sz             
00000000  __TI_ATRegion2_src_addr              
00000000  __TI_ATRegion2_trg_addr              
00000000  __TI_static_base__                   
00000000  interruptVectors                     
000000c1  __TI_printfi_minimal                 
00000200  __STACK_SIZE                         
00000345  DL_SYSCTL_configSYSPLL               
00000421  main                                 
000004f5  memcpy                               
0000058f  ADC0_IRQHandler                      
0000058f  ADC1_IRQHandler                      
0000058f  AES_IRQHandler                       
0000058f  CANFD0_IRQHandler                    
0000058f  DAC0_IRQHandler                      
0000058f  DMA_IRQHandler                       
0000058f  Default_Handler                      
0000058f  GROUP0_IRQHandler                    
0000058f  GROUP1_IRQHandler                    
0000058f  HardFault_Handler                    
0000058f  I2C0_IRQHandler                      
0000058f  I2C1_IRQHandler                      
0000058f  NMI_Handler                          
0000058f  PendSV_Handler                       
0000058f  RTC_IRQHandler                       
0000058f  SPI0_IRQHandler                      
0000058f  SPI1_IRQHandler                      
0000058f  SVC_Handler                          
0000058f  SysTick_Handler                      
0000058f  TIMA0_IRQHandler                     
0000058f  TIMA1_IRQHandler                     
0000058f  TIMG0_IRQHandler                     
0000058f  TIMG12_IRQHandler                    
0000058f  TIMG6_IRQHandler                     
0000058f  TIMG7_IRQHandler                     
0000058f  TIMG8_IRQHandler                     
0000058f  UART0_IRQHandler                     
0000058f  UART1_IRQHandler                     
0000058f  UART2_IRQHandler                     
0000058f  UART3_IRQHandler                     
00000591  SYSCFG_DL_SYSCTL_init                
00000621  __TI_decompress_lzss                 
0000069d  DL_SYSCTL_setHFCLKSourceHFXTParams   
00000701  memset                               
00000763  __aeabi_idiv0                        
00000765  SYSCFG_DL_UART_0_init                
000007c5  SYSCFG_DL_ADC1_init                  
00000815  SYSCFG_DL_GPIO_init                  
00000861  DL_UART_init                         
000008a9  DL_SYSCTL_switchMCLKfromSYSOSCtoHSCLK
000008ed  DL_ADC12_setClockConfig              
0000092d  SYSCFG_DL_initPower                  
0000096d  __aeabi_uidiv                        
0000096d  __aeabi_uidivmod                     
000009ad  __TI_auto_init_nobinit_nopinit       
000009e9  sprintf                              
00000a21  uart0_send_string                    
00000a55  _c_int00_noargs                      
00000a7d  memccpy                              
00000aa1  SYSCFG_DL_SYSTICK_init               
00000abd  SYSCFG_DL_init                       
00000af1  __TI_zero_init_nomemset              
00000b07  DL_UART_setClockConfig               
00000b19  __TI_decompress_none                 
00000b2d  delay_ms                             
00000b3d  __aeabi_memset                       
00000b3d  __aeabi_memset4                      
00000b3d  __aeabi_memset8                      
00000b59  __aeabi_memclr                       
00000b59  __aeabi_memclr4                      
00000b59  __aeabi_memclr8                      
00000b65  delay_1us                            
00000b71  DL_Common_delayCycles                
00000b85  __aeabi_memcpy                       
00000b85  __aeabi_memcpy4                      
00000b85  __aeabi_memcpy8                      
00000b8d  abort                                
00000b92  C$$EXIT                              
00000b93  HOSTexit                             
00000b97  Reset_Handler                        
00000b9b  _system_pre_init                     
00000c20  __TI_Handler_Table_Base              
00000c2c  __TI_Handler_Table_Limit             
00000c40  __TI_CINIT_Base                      
00000c50  __TI_CINIT_Limit                     
00000c50  __TI_CINIT_Warm                      
20200000  __start___llvm_prf_bits              
20200000  __start___llvm_prf_cnts              
20200000  __stop___llvm_prf_bits               
20200000  __stop___llvm_prf_cnts               
20200000  rx_buff                              
20200100  Digtal                               
20207e00  __stack                              
20208000  __STACK_END                          
ffffffff  __TI_pprof_out_hndl                  
ffffffff  __TI_prof_data_size                  
ffffffff  __TI_prof_data_start                 
ffffffff  __binit__                            
ffffffff  binit                                
UNDEFED   __mpu_init                           
UNDEFED   _system_post_cinit                   

[107 symbols]
