******************************************************************************
            TI ARM Clang Linker PC v4.0.3                      
******************************************************************************
>> Linked Tue Jul 29 18:13:09 2025

OUTPUT FILE NAME:   <TRY.out>
ENTRY POINT SYMBOL: "_c_int00_noargs"  address: 000027c5


MEMORY CONFIGURATION

         name            origin    length      used     unused   attr    fill
----------------------  --------  ---------  --------  --------  ----  --------
  FLASH                 00000000   00020000  00002c18  0001d3e8  R  X
  SRAM                  20200000   00008000  000002cc  00007d34  RW X
  BCR_CONFIG            41c00000   000000ff  00000000  000000ff  R   
  BSL_CONFIG            41c00100   00000080  00000000  00000080  R   


SEGMENT ALLOCATION MAP

run origin  load origin   length   init length attrs members
----------  ----------- ---------- ----------- ----- -------
00000000    00000000    000029e8   000029e8    r-x
  00000000    00000000    000000c0   000000c0    r-- .intvecs
  000000c0    000000c0    00002928   00002928    r-x .text
000029f0    000029f0    00000230   00000230    r--
  000029f0    000029f0    00000200   00000200    r-- .rodata
  00002bf0    00002bf0    00000030   00000030    r-- .cinit
20200000    20200000    000000cc   00000000    rw-
  20200000    20200000    000000bc   00000000    rw- .bss
  202000bc    202000bc    00000010   00000000    rw- .data
20207e00    20207e00    00000200   00000000    rw-
  20207e00    20207e00    00000200   00000000    rw- .stack


SECTION ALLOCATION MAP

 output                                  attributes/
section   page    origin      length       input sections
--------  ----  ----------  ----------   ----------------
.intvecs   0    00000000    000000c0     
                  00000000    000000c0     startup_mspm0g350x_ticlang.o (.intvecs)

.text      0    000000c0    00002928     
                  000000c0    000009d0     libc.a : _printfi.c.obj (.text:__TI_printfi)
                  00000a90    000002bc     empty.o (.text.main)
                  00000d4c    00000220     libc.a : _printfi.c.obj (.text._pconv_a)
                  00000f6c    000001dc            : _printfi.c.obj (.text._pconv_g)
                  00001148    00000192     libclang_rt.builtins.a : adddf3.S.obj (.text.adddf3_subdf3)
                  000012da    00000002     startup_mspm0g350x_ticlang.o (.text.Default_Handler)
                  000012dc    0000013c     libc.a : _printfi.c.obj (.text.fcvt)
                  00001418    00000120            : _printfi.c.obj (.text._pconv_e)
                  00001538    0000010c     libclang_rt.builtins.a : divdf3.S.obj (.text.__divdf3)
                  00001644    00000104     driverlib.a : dl_timer.o (.text.DL_Timer_initFourCCPWMMode)
                  00001748    000000e8                 : dl_timer.o (.text.DL_Timer_initTimerMode)
                  00001830    000000e4     libclang_rt.builtins.a : muldf3.S.obj (.text.__muldf3)
                  00001914    000000dc     driverlib.a : dl_sysctl_mspm0g1x0x_g3x0x.o (.text.DL_SYSCTL_configSYSPLL)
                  000019f0    000000d8     libc.a : s_scalbn.c.obj (.text.scalbn)
                  00001ac8    000000b4     ti_msp_dl_config.o (.text.SYSCFG_DL_GPIO_init)
                  00001b7c    000000a2     libclang_rt.builtins.a : udivmoddi4.S.obj (.text)
                  00001c1e    0000009a     libc.a : memcpy16.S.obj (.text:memcpy)
                  00001cb8    00000094     ti_msp_dl_config.o (.text.SYSCFG_DL_PWM_0_init)
                  00001d4c    0000007c     libc.a : copy_decompress_lzss.c.obj (.text:decompress:lzss)
                  00001dc8    00000074     empty.o (.text.GROUP1_IRQHandler)
                  00001e3c    00000074     libclang_rt.builtins.a : comparedf2.c.obj (.text.__gedf2)
                  00001eb0    00000068                            : comparedf2.c.obj (.text.__ledf2)
                  00001f18    00000068     board.o (.text.lc_printf)
                  00001f80    00000066     libc.a : _printfi.c.obj (.text._mcpy)
                  00001fe6    00000002     libclang_rt.builtins.a : aeabi_div0.c.obj (.text.__aeabi_idiv0)
                  00001fe8    00000064     driverlib.a : dl_sysctl_mspm0g1x0x_g3x0x.o (.text.DL_SYSCTL_setHFCLKSourceHFXTParams)
                  0000204c    00000064     ti_msp_dl_config.o (.text.SYSCFG_DL_SYSCTL_init)
                  000020b0    00000062     libclang_rt.builtins.a : aeabi_dcmp.S.obj (.text.__aeabi_dcmp)
                  00002112    00000062     libc.a : memset16.S.obj (.text:memset)
                  00002174    00000060     ti_msp_dl_config.o (.text.SYSCFG_DL_UART_0_init)
                  000021d4    0000005c     libc.a : s_frexp.c.obj (.text.frexp)
                  00002230    00000058            : _ltoa.c.obj (.text.__TI_ltoa)
                  00002288    00000058            : _printfi.c.obj (.text._pconv_f)
                  000022e0    00000056     libclang_rt.builtins.a : aeabi_idivmod.S.obj (.text.__aeabi_idivmod)
                  00002336    00000052     libc.a : _printfi.c.obj (.text._ecpy)
                  00002388    0000004a     libclang_rt.builtins.a : fixdfsi.S.obj (.text.__fixdfsi)
                  000023d2    00000002                            : aeabi_div0.c.obj (.text.__aeabi_ldiv0)
                  000023d4    00000048     bsp_tb6612.o (.text.AO_Control)
                  0000241c    00000048     bsp_tb6612.o (.text.BO_Control)
                  00002464    00000048     driverlib.a : dl_uart.o (.text.DL_UART_init)
                  000024ac    00000048     ti_msp_dl_config.o (.text.SYSCFG_DL_initPower)
                  000024f4    00000044     driverlib.a : dl_sysctl_mspm0g1x0x_g3x0x.o (.text.DL_SYSCTL_switchMCLKfromSYSOSCtoHSCLK)
                  00002538    00000040     libclang_rt.builtins.a : aeabi_uidivmod.S.obj (.text.__aeabi_uidivmod)
                  00002578    00000040     libc.a : atoi.c.obj (.text.atoi)
                  000025b8    00000040            : vsnprintf.c.obj (.text.vsnprintf)
                  000025f8    0000003c     empty.o (.text.TIMG0_IRQHandler)
                  00002634    0000003c     libc.a : autoinit.c.obj (.text:__TI_auto_init_nobinit_nopinit)
                  00002670    0000003a     libclang_rt.builtins.a : muldsi3.S.obj (.text.__muldsi3)
                  000026aa    00000002     --HOLE-- [fill = 0]
                  000026ac    00000038     ti_msp_dl_config.o (.text.SYSCFG_DL_TIMER_0_init)
                  000026e4    00000030     libc.a : _printfi.c.obj (.text._fcpy)
                  00002714    00000030            : vsnprintf.c.obj (.text._outs)
                  00002744    0000002c     ti_msp_dl_config.o (.text.SYSCFG_DL_init)
                  00002770    0000002c     libclang_rt.builtins.a : floatsidf.S.obj (.text.__floatsidf)
                  0000279c    00000028     ti_msp_dl_config.o (.text.SYSCFG_DL_SYSCTL_CLK_init)
                  000027c4    00000028     libc.a : boot_cortex_m.c.obj (.text:_c_int00_noargs)
                  000027ec    00000024     libclang_rt.builtins.a : muldi3.S.obj (.text.__muldi3)
                  00002810    00000022     libc.a : memccpy.c.obj (.text.memccpy)
                  00002832    00000002     --HOLE-- [fill = 0]
                  00002834    0000001e     libclang_rt.builtins.a : ashldi3.S.obj (.text.__ashldi3)
                  00002852    00000002     --HOLE-- [fill = 0]
                  00002854    0000001c     driverlib.a : dl_timer.o (.text.DL_Timer_setCaptCompUpdateMethod)
                  00002870    0000001c                 : dl_timer.o (.text.DL_Timer_setClockConfig)
                  0000288c    0000001c     bsp_tb6612.o (.text.TB6612_Motor_Stop)
                  000028a8    00000018     driverlib.a : dl_timer.o (.text.DL_Timer_setCaptureCompareOutCtl)
                  000028c0    00000018     libc.a : vsnprintf.c.obj (.text._outc)
                  000028d8    00000016            : copy_zero_init.c.obj (.text:decompress:ZI:__TI_zero_init_nomemset)
                  000028ee    00000002     --HOLE-- [fill = 0]
                  000028f0    00000014     libclang_rt.builtins.a : aeabi_uldivmod.S.obj (.text.__aeabi_uldivmod)
                  00002904    00000014     libc.a : _printfi.c.obj (.text.strchr)
                  00002918    00000012     driverlib.a : dl_uart.o (.text.DL_UART_setClockConfig)
                  0000292a    00000012     libc.a : copy_decompress_none.c.obj (.text:decompress:none)
                  0000293c    00000010     driverlib.a : dl_timer.o (.text.DL_Timer_setCaptureCompareValue)
                  0000294c    00000010     board.o (.text.delay_ms)
                  0000295c    00000010     libc.a : wcslen.c.obj (.text.wcslen)
                  0000296c    0000000e     libclang_rt.builtins.a : aeabi_memset.S.obj (.text.__aeabi_memset)
                  0000297a    0000000e     libc.a : _printfi.c.obj (.text.strlen)
                  00002988    0000000c     libclang_rt.builtins.a : aeabi_memset.S.obj (.text.__aeabi_memclr)
                  00002994    0000000a     driverlib.a : dl_common.o (.text.DL_Common_delayCycles)
                  0000299e    0000000a     libc.a : _printfi.c.obj (.text.OUTLINED_FUNCTION_0)
                  000029a8    00000010     libclang_rt.builtins.a : adddf3.S.obj (.tramp.__aeabi_dsub.1)
                  000029b8    0000000a     libc.a : _printfi.c.obj (.text.OUTLINED_FUNCTION_1)
                  000029c2    00000002     --HOLE-- [fill = 0]
                  000029c4    00000008            : aeabi_portable.c.obj (.text.__aeabi_errno_addr)
                  000029cc    00000008     libclang_rt.builtins.a : aeabi_memcpy.S.obj (.text.__aeabi_memcpy)
                  000029d4    00000006     libc.a : exit.c.obj (.text:abort)
                  000029da    00000004     libsysbm.a : hostexit.c.obj (.text.HOSTexit)
                  000029de    00000004     startup_mspm0g350x_ticlang.o (.text.Reset_Handler)
                  000029e2    00000004     libc.a : pre_init.c.obj (.text._system_pre_init)
                  000029e6    00000002     --HOLE-- [fill = 0]

.cinit     0    00002bf0    00000030     
                  00002bf0    0000000c     (__TI_handler_table)
                  00002bfc    00000008     (.cinit..bss.load) [load image, compression = zero_init]
                  00002c04    00000007     (.cinit..data.load) [load image, compression = lzss]
                  00002c0b    00000001     --HOLE-- [fill = 0]
                  00002c0c    00000010     (__TI_cinit_table)
                  00002c1c    00000004     --HOLE-- [fill = 0]

.rodata    0    000029f0    00000200     
                  000029f0    00000101     libc.a : aeabi_ctype.S.obj (.rodata:__aeabi_ctype_table_)
                  00002af1    00000003     ti_msp_dl_config.o (.rodata.gPWM_0ClockConfig)
                  00002af4    00000028     ti_msp_dl_config.o (.rodata.gSYSPLLConfig)
                  00002b1c    00000021     bsp_tb6612.o (.rodata.str1.15091695396400935675.1)
                  00002b3d    0000001e     empty.o (.rodata.str1.9517790425240694019.1)
                  00002b5b    00000001     --HOLE-- [fill = 0]
                  00002b5c    00000014     ti_msp_dl_config.o (.rodata.gTIMER_0TimerConfig)
                  00002b70    00000011     libc.a : _printfi.c.obj (.rodata.str1.10348868589481759720.1)
                  00002b81    00000011     empty.o (.rodata.str1.14685083708502177989.1)
                  00002b92    00000011     libc.a : _printfi.c.obj (.rodata.str1.15363888844622738466.1)
                  00002ba3    00000011     empty.o (.rodata.str1.254342170260855183.1)
                  00002bb4    0000000f     empty.o (.rodata.str1.11898133897667081452.1)
                  00002bc3    0000000f     empty.o (.rodata.str1.17669528882079347314.1)
                  00002bd2    0000000a     ti_msp_dl_config.o (.rodata.gUART_0Config)
                  00002bdc    00000008     ti_msp_dl_config.o (.rodata.gPWM_0Config)
                  00002be4    00000003     ti_msp_dl_config.o (.rodata.gTIMER_0ClockConfig)
                  00002be7    00000002     ti_msp_dl_config.o (.rodata.gUART_0ClockConfig)
                  00002be9    00000007     --HOLE-- [fill = 0]

.init_array 
*          0    00000000    00000000     UNINITIALIZED

.binit     0    00000000    00000000     

.bss       0    20200000    000000bc     UNINITIALIZED
                  20200000    000000bc     (.common:gPWM_0Backup)

.data      0    202000bc    00000010     UNINITIALIZED
                  202000bc    00000004     libc.a : aeabi_portable.c.obj (.data.__aeabi_errno)
                  202000c0    00000002     empty.o (.data.L)
                  202000c2    00000002     empty.o (.data.R)
                  202000c4    00000002     empty.o (.data.num_L)
                  202000c6    00000002     empty.o (.data.num_R)
                  202000c8    00000002     empty.o (.data.speed_L)
                  202000ca    00000002     empty.o (.data.speed_R)

.stack     0    20207e00    00000200     UNINITIALIZED
                  20207e00    00000004     libc.a : boot_cortex_m.c.obj (.stack)
                  20207e04    000001fc     --HOLE--

__llvm_prf_cnts 
*          0    20200000    00000000     UNINITIALIZED

__llvm_prf_bits 
*          0    20200000    00000000     UNINITIALIZED

MODULE SUMMARY

       Module                         code    ro data   rw data
       ------                         ----    -------   -------
    .\
       ti_msp_dl_config.o             736     86        188    
       empty.o                        876     94        12     
       startup_mspm0g350x_ticlang.o   6       192       0      
    +--+------------------------------+-------+---------+---------+
       Total:                         1618    372       200    
                                                               
    .\BSP\src\
       bsp_tb6612.o                   172     33        0      
    +--+------------------------------+-------+---------+---------+
       Total:                         172     33        0      
                                                               
    .\Board\
       board.o                        120     0         0      
    +--+------------------------------+-------+---------+---------+
       Total:                         120     0         0      
                                                               
    E:/Code Composer Studio/mspm0_sdk_2_05_01_00/source/ti/driverlib/lib/ticlang/m0p/mspm0g1x0x_g3x0x/driverlib.a
       dl_timer.o                     588     0         0      
       dl_sysctl_mspm0g1x0x_g3x0x.o   388     0         0      
       dl_uart.o                      90      0         0      
       dl_common.o                    10      0         0      
    +--+------------------------------+-------+---------+---------+
       Total:                         1076    0         0      
                                                               
    E:\Code Composer Studio\ccs\tools\compiler\ti-cgt-armllvm_4.0.3.LTS\lib\armv6m-ti-none-eabi/c/libc.a
       _printfi.c.obj                 4510    34        0      
       aeabi_ctype.S.obj              0       257       0      
       s_scalbn.c.obj                 216     0         0      
       memcpy16.S.obj                 154     0         0      
       vsnprintf.c.obj                136     0         0      
       copy_decompress_lzss.c.obj     124     0         0      
       memset16.S.obj                 98      0         0      
       s_frexp.c.obj                  92      0         0      
       _ltoa.c.obj                    88      0         0      
       atoi.c.obj                     64      0         0      
       autoinit.c.obj                 60      0         0      
       boot_cortex_m.c.obj            40      0         0      
       memccpy.c.obj                  34      0         0      
       copy_zero_init.c.obj           22      0         0      
       copy_decompress_none.c.obj     18      0         0      
       wcslen.c.obj                   16      0         0      
       aeabi_portable.c.obj           8       0         4      
       exit.c.obj                     6       0         0      
       pre_init.c.obj                 4       0         0      
    +--+------------------------------+-------+---------+---------+
       Total:                         5690    291       4      
                                                               
    E:\Code Composer Studio\ccs\tools\compiler\ti-cgt-armllvm_4.0.3.LTS\lib\armv6m-ti-none-eabi/c/libsysbm.a
       hostexit.c.obj                 4       0         0      
    +--+------------------------------+-------+---------+---------+
       Total:                         4       0         0      
                                                               
    E:\Code Composer Studio\ccs\tools\compiler\ti-cgt-armllvm_4.0.3.LTS\lib\armv6m-ti-none-eabi/libclang_rt.builtins.a
       adddf3.S.obj                   418     0         0      
       divdf3.S.obj                   268     0         0      
       muldf3.S.obj                   228     0         0      
       comparedf2.c.obj               220     0         0      
       udivmoddi4.S.obj               162     0         0      
       aeabi_dcmp.S.obj               98      0         0      
       aeabi_idivmod.S.obj            86      0         0      
       fixdfsi.S.obj                  74      0         0      
       aeabi_uidivmod.S.obj           64      0         0      
       muldsi3.S.obj                  58      0         0      
       floatsidf.S.obj                44      0         0      
       muldi3.S.obj                   36      0         0      
       ashldi3.S.obj                  30      0         0      
       aeabi_memset.S.obj             26      0         0      
       aeabi_uldivmod.S.obj           20      0         0      
       aeabi_memcpy.S.obj             8       0         0      
       aeabi_div0.c.obj               4       0         0      
    +--+------------------------------+-------+---------+---------+
       Total:                         1844    0         0      
                                                               
       Stack:                         0       0         512    
       Linker Generated:              0       43        0      
    +--+------------------------------+-------+---------+---------+
       Grand Total:                   10524   739       716    


LINKER GENERATED COPY TABLES

__TI_cinit_table @ 00002c0c records: 2, size/record: 8, table size: 16
	.bss: load addr=00002bfc, load size=00000008 bytes, run addr=20200000, run size=000000bc bytes, compression=zero_init
	.data: load addr=00002c04, load size=00000007 bytes, run addr=202000bc, run size=00000010 bytes, compression=lzss


LINKER GENERATED HANDLER TABLE

__TI_handler_table @ 00002bf0 records: 3, size/record: 4, table size: 12
	index: 0, handler: __TI_decompress_lzss
	index: 1, handler: __TI_decompress_none
	index: 2, handler: __TI_zero_init


FAR CALL TRAMPOLINES

callee name               trampoline name
   callee addr  tramp addr   call addr  call info
--------------  -----------  ---------  ----------------
__aeabi_dsub              $Tramp$TT$L$PI$$__aeabi_dsub
   00001149     000029a8     000029a6   libc.a : _printfi.c.obj (.text.OUTLINED_FUNCTION_0)

[1 trampolines]
[1 trampoline calls]


GLOBAL SYMBOLS: SORTED ALPHABETICALLY BY Name 

address   name                                 
-------   ----                                 
000012db  ADC0_IRQHandler                      
000012db  ADC1_IRQHandler                      
000012db  AES_IRQHandler                       
000023d5  AO_Control                           
0000241d  BO_Control                           
000029da  C$$EXIT                              
000012db  CANFD0_IRQHandler                    
000012db  DAC0_IRQHandler                      
00002995  DL_Common_delayCycles                
00001915  DL_SYSCTL_configSYSPLL               
00001fe9  DL_SYSCTL_setHFCLKSourceHFXTParams   
000024f5  DL_SYSCTL_switchMCLKfromSYSOSCtoHSCLK
00001645  DL_Timer_initFourCCPWMMode           
00001749  DL_Timer_initTimerMode               
00002855  DL_Timer_setCaptCompUpdateMethod     
000028a9  DL_Timer_setCaptureCompareOutCtl     
0000293d  DL_Timer_setCaptureCompareValue      
00002871  DL_Timer_setClockConfig              
00002465  DL_UART_init                         
00002919  DL_UART_setClockConfig               
000012db  DMA_IRQHandler                       
000012db  Default_Handler                      
000012db  GROUP0_IRQHandler                    
00001dc9  GROUP1_IRQHandler                    
000029db  HOSTexit                             
000012db  HardFault_Handler                    
000012db  I2C0_IRQHandler                      
000012db  I2C1_IRQHandler                      
202000c0  L                                    
000012db  NMI_Handler                          
000012db  PendSV_Handler                       
202000c2  R                                    
000012db  RTC_IRQHandler                       
000029df  Reset_Handler                        
000012db  SPI0_IRQHandler                      
000012db  SPI1_IRQHandler                      
000012db  SVC_Handler                          
00001ac9  SYSCFG_DL_GPIO_init                  
00001cb9  SYSCFG_DL_PWM_0_init                 
0000279d  SYSCFG_DL_SYSCTL_CLK_init            
0000204d  SYSCFG_DL_SYSCTL_init                
000026ad  SYSCFG_DL_TIMER_0_init               
00002175  SYSCFG_DL_UART_0_init                
00002745  SYSCFG_DL_init                       
000024ad  SYSCFG_DL_initPower                  
000012db  SysTick_Handler                      
0000288d  TB6612_Motor_Stop                    
000012db  TIMA0_IRQHandler                     
000012db  TIMA1_IRQHandler                     
000025f9  TIMG0_IRQHandler                     
000012db  TIMG12_IRQHandler                    
000012db  TIMG6_IRQHandler                     
000012db  TIMG7_IRQHandler                     
000012db  TIMG8_IRQHandler                     
000012db  UART0_IRQHandler                     
000012db  UART1_IRQHandler                     
000012db  UART2_IRQHandler                     
000012db  UART3_IRQHandler                     
20208000  __STACK_END                          
00000200  __STACK_SIZE                         
00000000  __TI_ATRegion0_region_sz             
00000000  __TI_ATRegion0_src_addr              
00000000  __TI_ATRegion0_trg_addr              
00000000  __TI_ATRegion1_region_sz             
00000000  __TI_ATRegion1_src_addr              
00000000  __TI_ATRegion1_trg_addr              
00000000  __TI_ATRegion2_region_sz             
00000000  __TI_ATRegion2_src_addr              
00000000  __TI_ATRegion2_trg_addr              
00002c0c  __TI_CINIT_Base                      
00002c1c  __TI_CINIT_Limit                     
00002c1c  __TI_CINIT_Warm                      
00002bf0  __TI_Handler_Table_Base              
00002bfc  __TI_Handler_Table_Limit             
00002635  __TI_auto_init_nobinit_nopinit       
00001d4d  __TI_decompress_lzss                 
0000292b  __TI_decompress_none                 
00002231  __TI_ltoa                            
ffffffff  __TI_pprof_out_hndl                  
000000c1  __TI_printfi                         
ffffffff  __TI_prof_data_size                  
ffffffff  __TI_prof_data_start                 
00000000  __TI_static_base__                   
000028d9  __TI_zero_init_nomemset              
00001153  __adddf3                             
000029f0  __aeabi_ctype_table_                 
000029f0  __aeabi_ctype_table_C                
00002389  __aeabi_d2iz                         
00001153  __aeabi_dadd                         
000020b1  __aeabi_dcmpeq                       
000020ed  __aeabi_dcmpge                       
00002101  __aeabi_dcmpgt                       
000020d9  __aeabi_dcmple                       
000020c5  __aeabi_dcmplt                       
00001539  __aeabi_ddiv                         
00001831  __aeabi_dmul                         
00001149  __aeabi_dsub                         
202000bc  __aeabi_errno                        
000029c5  __aeabi_errno_addr                   
00002771  __aeabi_i2d                          
000022e1  __aeabi_idiv                         
00001fe7  __aeabi_idiv0                        
000022e1  __aeabi_idivmod                      
000023d3  __aeabi_ldiv0                        
00002835  __aeabi_llsl                         
000027ed  __aeabi_lmul                         
00002989  __aeabi_memclr                       
00002989  __aeabi_memclr4                      
00002989  __aeabi_memclr8                      
000029cd  __aeabi_memcpy                       
000029cd  __aeabi_memcpy4                      
000029cd  __aeabi_memcpy8                      
0000296d  __aeabi_memset                       
0000296d  __aeabi_memset4                      
0000296d  __aeabi_memset8                      
00002539  __aeabi_uidiv                        
00002539  __aeabi_uidivmod                     
000028f1  __aeabi_uldivmod                     
00002835  __ashldi3                            
ffffffff  __binit__                            
00001eb1  __cmpdf2                             
00001539  __divdf3                             
00001eb1  __eqdf2                              
00002389  __fixdfsi                            
00002771  __floatsidf                          
00001e3d  __gedf2                              
00001e3d  __gtdf2                              
00001eb1  __ledf2                              
00001eb1  __ltdf2                              
UNDEFED   __mpu_init                           
00001831  __muldf3                             
000027ed  __muldi3                             
00002671  __muldsi3                            
00001eb1  __nedf2                              
20207e00  __stack                              
20200000  __start___llvm_prf_bits              
20200000  __start___llvm_prf_cnts              
20200000  __stop___llvm_prf_bits               
20200000  __stop___llvm_prf_cnts               
00001149  __subdf3                             
00001b7d  __udivmoddi4                         
000027c5  _c_int00_noargs                      
UNDEFED   _system_post_cinit                   
000029e3  _system_pre_init                     
000029d5  abort                                
00002579  atoi                                 
ffffffff  binit                                
0000294d  delay_ms                             
000021d5  frexp                                
000021d5  frexpl                               
20200000  gPWM_0Backup                         
00000000  interruptVectors                     
00001f19  lc_printf                            
000019f1  ldexp                                
000019f1  ldexpl                               
00000a91  main                                 
00002811  memccpy                              
00001c1f  memcpy                               
00002113  memset                               
202000c4  num_L                                
202000c6  num_R                                
000019f1  scalbn                               
000019f1  scalbnl                              
202000c8  speed_L                              
202000ca  speed_R                              
000025b9  vsnprintf                            
0000295d  wcslen                               


GLOBAL SYMBOLS: SORTED BY Symbol Address 

address   name                                 
-------   ----                                 
00000000  __TI_ATRegion0_region_sz             
00000000  __TI_ATRegion0_src_addr              
00000000  __TI_ATRegion0_trg_addr              
00000000  __TI_ATRegion1_region_sz             
00000000  __TI_ATRegion1_src_addr              
00000000  __TI_ATRegion1_trg_addr              
00000000  __TI_ATRegion2_region_sz             
00000000  __TI_ATRegion2_src_addr              
00000000  __TI_ATRegion2_trg_addr              
00000000  __TI_static_base__                   
00000000  interruptVectors                     
000000c1  __TI_printfi                         
00000200  __STACK_SIZE                         
00000a91  main                                 
00001149  __aeabi_dsub                         
00001149  __subdf3                             
00001153  __adddf3                             
00001153  __aeabi_dadd                         
000012db  ADC0_IRQHandler                      
000012db  ADC1_IRQHandler                      
000012db  AES_IRQHandler                       
000012db  CANFD0_IRQHandler                    
000012db  DAC0_IRQHandler                      
000012db  DMA_IRQHandler                       
000012db  Default_Handler                      
000012db  GROUP0_IRQHandler                    
000012db  HardFault_Handler                    
000012db  I2C0_IRQHandler                      
000012db  I2C1_IRQHandler                      
000012db  NMI_Handler                          
000012db  PendSV_Handler                       
000012db  RTC_IRQHandler                       
000012db  SPI0_IRQHandler                      
000012db  SPI1_IRQHandler                      
000012db  SVC_Handler                          
000012db  SysTick_Handler                      
000012db  TIMA0_IRQHandler                     
000012db  TIMA1_IRQHandler                     
000012db  TIMG12_IRQHandler                    
000012db  TIMG6_IRQHandler                     
000012db  TIMG7_IRQHandler                     
000012db  TIMG8_IRQHandler                     
000012db  UART0_IRQHandler                     
000012db  UART1_IRQHandler                     
000012db  UART2_IRQHandler                     
000012db  UART3_IRQHandler                     
00001539  __aeabi_ddiv                         
00001539  __divdf3                             
00001645  DL_Timer_initFourCCPWMMode           
00001749  DL_Timer_initTimerMode               
00001831  __aeabi_dmul                         
00001831  __muldf3                             
00001915  DL_SYSCTL_configSYSPLL               
000019f1  ldexp                                
000019f1  ldexpl                               
000019f1  scalbn                               
000019f1  scalbnl                              
00001ac9  SYSCFG_DL_GPIO_init                  
00001b7d  __udivmoddi4                         
00001c1f  memcpy                               
00001cb9  SYSCFG_DL_PWM_0_init                 
00001d4d  __TI_decompress_lzss                 
00001dc9  GROUP1_IRQHandler                    
00001e3d  __gedf2                              
00001e3d  __gtdf2                              
00001eb1  __cmpdf2                             
00001eb1  __eqdf2                              
00001eb1  __ledf2                              
00001eb1  __ltdf2                              
00001eb1  __nedf2                              
00001f19  lc_printf                            
00001fe7  __aeabi_idiv0                        
00001fe9  DL_SYSCTL_setHFCLKSourceHFXTParams   
0000204d  SYSCFG_DL_SYSCTL_init                
000020b1  __aeabi_dcmpeq                       
000020c5  __aeabi_dcmplt                       
000020d9  __aeabi_dcmple                       
000020ed  __aeabi_dcmpge                       
00002101  __aeabi_dcmpgt                       
00002113  memset                               
00002175  SYSCFG_DL_UART_0_init                
000021d5  frexp                                
000021d5  frexpl                               
00002231  __TI_ltoa                            
000022e1  __aeabi_idiv                         
000022e1  __aeabi_idivmod                      
00002389  __aeabi_d2iz                         
00002389  __fixdfsi                            
000023d3  __aeabi_ldiv0                        
000023d5  AO_Control                           
0000241d  BO_Control                           
00002465  DL_UART_init                         
000024ad  SYSCFG_DL_initPower                  
000024f5  DL_SYSCTL_switchMCLKfromSYSOSCtoHSCLK
00002539  __aeabi_uidiv                        
00002539  __aeabi_uidivmod                     
00002579  atoi                                 
000025b9  vsnprintf                            
000025f9  TIMG0_IRQHandler                     
00002635  __TI_auto_init_nobinit_nopinit       
00002671  __muldsi3                            
000026ad  SYSCFG_DL_TIMER_0_init               
00002745  SYSCFG_DL_init                       
00002771  __aeabi_i2d                          
00002771  __floatsidf                          
0000279d  SYSCFG_DL_SYSCTL_CLK_init            
000027c5  _c_int00_noargs                      
000027ed  __aeabi_lmul                         
000027ed  __muldi3                             
00002811  memccpy                              
00002835  __aeabi_llsl                         
00002835  __ashldi3                            
00002855  DL_Timer_setCaptCompUpdateMethod     
00002871  DL_Timer_setClockConfig              
0000288d  TB6612_Motor_Stop                    
000028a9  DL_Timer_setCaptureCompareOutCtl     
000028d9  __TI_zero_init_nomemset              
000028f1  __aeabi_uldivmod                     
00002919  DL_UART_setClockConfig               
0000292b  __TI_decompress_none                 
0000293d  DL_Timer_setCaptureCompareValue      
0000294d  delay_ms                             
0000295d  wcslen                               
0000296d  __aeabi_memset                       
0000296d  __aeabi_memset4                      
0000296d  __aeabi_memset8                      
00002989  __aeabi_memclr                       
00002989  __aeabi_memclr4                      
00002989  __aeabi_memclr8                      
00002995  DL_Common_delayCycles                
000029c5  __aeabi_errno_addr                   
000029cd  __aeabi_memcpy                       
000029cd  __aeabi_memcpy4                      
000029cd  __aeabi_memcpy8                      
000029d5  abort                                
000029da  C$$EXIT                              
000029db  HOSTexit                             
000029df  Reset_Handler                        
000029e3  _system_pre_init                     
000029f0  __aeabi_ctype_table_                 
000029f0  __aeabi_ctype_table_C                
00002bf0  __TI_Handler_Table_Base              
00002bfc  __TI_Handler_Table_Limit             
00002c0c  __TI_CINIT_Base                      
00002c1c  __TI_CINIT_Limit                     
00002c1c  __TI_CINIT_Warm                      
20200000  __start___llvm_prf_bits              
20200000  __start___llvm_prf_cnts              
20200000  __stop___llvm_prf_bits               
20200000  __stop___llvm_prf_cnts               
20200000  gPWM_0Backup                         
202000bc  __aeabi_errno                        
202000c0  L                                    
202000c2  R                                    
202000c4  num_L                                
202000c6  num_R                                
202000c8  speed_L                              
202000ca  speed_R                              
20207e00  __stack                              
20208000  __STACK_END                          
ffffffff  __TI_pprof_out_hndl                  
ffffffff  __TI_prof_data_size                  
ffffffff  __TI_prof_data_start                 
ffffffff  __binit__                            
ffffffff  binit                                
UNDEFED   __mpu_init                           
UNDEFED   _system_post_cinit                   

[167 symbols]
